Archive member included because of file (symbol)

contiki-srf06-cc26xx.a(er-coap-engine.)
                              obj_srf06-cc26xx/res-leds.o (coap_rest_implementation)
contiki-srf06-cc26xx.a(er-coap-transac)
                              contiki-srf06-cc26xx.a(er-coap-engine.) (coap_register_as_transaction_handler)
contiki-srf06-cc26xx.a(er-coap-observe)
                              contiki-srf06-cc26xx.a(er-coap-transac) (coap_remove_observer_by_client)
contiki-srf06-cc26xx.a(er-coap-res-wel)
                              contiki-srf06-cc26xx.a(er-coap-engine.) (res_well_known_core)
contiki-srf06-cc26xx.a(rest-engine.o)
                              obj_srf06-cc26xx/coap-server.o (rest_init_engine)
contiki-srf06-cc26xx.a(mqtt.o)
                              obj_srf06-cc26xx/mqtt-client.o (mqtt_register)
contiki-srf06-cc26xx.a(contiki-main.o)
                              obj_srf06-cc26xx/startup_gcc.o (main)
contiki-srf06-cc26xx.a(sensors.o)
                              cc26xx-web-demo.co (sensors_event)
contiki-srf06-cc26xx.a(leds.o)
                              contiki-srf06-cc26xx.a(contiki-main.o) (leds_init)
contiki-srf06-cc26xx.a(leds-arch.o)
                              contiki-srf06-cc26xx.a(leds.o) (leds_arch_init)
contiki-srf06-cc26xx.a(sensortag-senso)
                              contiki-srf06-cc26xx.a(sensors.o) (sensors_flags)
contiki-srf06-cc26xx.a(bmp-280-sensor.)
                              cc26xx-web-demo.co (bmp_280_sensor)
contiki-srf06-cc26xx.a(tmp-007-sensor.)
                              cc26xx-web-demo.co (tmp_007_sensor)
contiki-srf06-cc26xx.a(opt-3001-sensor)
                              cc26xx-web-demo.co (opt_3001_sensor)
contiki-srf06-cc26xx.a(hdc-1000-sensor)
                              cc26xx-web-demo.co (hdc_1000_sensor)
contiki-srf06-cc26xx.a(mpu-9250-sensor)
                              cc26xx-web-demo.co (mpu_9250_sensor)
contiki-srf06-cc26xx.a(button-sensor.o)
                              contiki-srf06-cc26xx.a(sensortag-senso) (button_right_sensor)
contiki-srf06-cc26xx.a(reed-relay.o)
                              cc26xx-web-demo.co (reed_relay_sensor)
contiki-srf06-cc26xx.a(ext-flash.o)
                              cc26xx-web-demo.co (ext_flash_open)
contiki-srf06-cc26xx.a(buzzer.o)
                              obj_srf06-cc26xx/mqtt-client.o (buzzer_start)
contiki-srf06-cc26xx.a(board.o)
                              contiki-srf06-cc26xx.a(contiki-main.o) (board_init)
contiki-srf06-cc26xx.a(board-spi.o)
                              contiki-srf06-cc26xx.a(ext-flash.o) (board_spi_write)
contiki-srf06-cc26xx.a(board-i2c.o)
                              contiki-srf06-cc26xx.a(board.o) (board_i2c_wakeup)
contiki-srf06-cc26xx.a(clock.o)
                              contiki-srf06-cc26xx.a(contiki-main.o) (clock_init)
contiki-srf06-cc26xx.a(rtimer-arch.o)
                              contiki-srf06-cc26xx.a(mpu-9250-sensor) (rtimer_arch_now)
contiki-srf06-cc26xx.a(soc-rtc.o)
                              contiki-srf06-cc26xx.a(contiki-main.o) (soc_rtc_init)
contiki-srf06-cc26xx.a(contiki-watchdo)
                              contiki-srf06-cc26xx.a(contiki-main.o) (watchdog_init)
contiki-srf06-cc26xx.a(putchar.o)
                              obj_srf06-cc26xx/cetic-6lbr-client.o (putchar)
contiki-srf06-cc26xx.a(ieee-addr.o)
                              contiki-srf06-cc26xx.a(contiki-main.o) (ieee_addr_cpy_to)
contiki-srf06-cc26xx.a(batmon-sensor.o)
                              cc26xx-web-demo.co (batmon_sensor)
contiki-srf06-cc26xx.a(cc26xx-uart.o)
                              contiki-srf06-cc26xx.a(contiki-main.o) (cc26xx_uart_init)
contiki-srf06-cc26xx.a(lpm.o)
                              contiki-srf06-cc26xx.a(button-sensor.o) (lpm_shutdown)
contiki-srf06-cc26xx.a(gpio-interrupt.)
                              contiki-srf06-cc26xx.a(button-sensor.o) (gpio_interrupt_register_handler)
contiki-srf06-cc26xx.a(oscillators.o)
                              contiki-srf06-cc26xx.a(contiki-main.o) (oscillators_select_lf_xosc)
contiki-srf06-cc26xx.a(rf-ble.o)
                              obj_srf06-cc26xx/res-ble-advd.o (rf_ble_beacond_config)
contiki-srf06-cc26xx.a(ieee-mode.o)
                              contiki-srf06-cc26xx.a(contiki-main.o) (ieee_mode_driver)
contiki-srf06-cc26xx.a(dbg-printf.o)
                              cc26xx-web-demo.co (printf)
contiki-srf06-cc26xx.a(dbg-snprintf.o)
                              cc26xx-web-demo.co (snprintf)
contiki-srf06-cc26xx.a(dbg-sprintf.o)
                              cc26xx-web-demo.co (sprintf)
contiki-srf06-cc26xx.a(strformat.o)
                              contiki-srf06-cc26xx.a(dbg-printf.o) (format_str_v)
contiki-srf06-cc26xx.a(autostart.o)
                              contiki-srf06-cc26xx.a(contiki-main.o) (autostart_start)
contiki-srf06-cc26xx.a(ctimer.o)
                              contiki-srf06-cc26xx.a(contiki-main.o) (ctimer_init)
contiki-srf06-cc26xx.a(energest.o)
[...]
Memory Configuration

Name             Origin             Length             Attributes
FLASH            0x00000000         0x0001ffa8         xr
FLASH_CCFG       0x0001ffa8         0x00000058         xr
SRAM             0x20000000         0x00005000         xrw
GPRAM            0x11000000         0x00002000         xrw
*default*        0x00000000         0xffffffff

Linker script and memory map

LOAD obj_srf06-cc26xx/fault-handlers.o
LOAD obj_srf06-cc26xx/ccfg.o
LOAD obj_srf06-cc26xx/startup_gcc.o
LOAD cc26xx-web-demo.co
LOAD obj_srf06-cc26xx/res-leds.o
LOAD obj_srf06-cc26xx/res-toggle-leds.o
LOAD obj_srf06-cc26xx/res-device.o
LOAD obj_srf06-cc26xx/res-sensors.o
LOAD obj_srf06-cc26xx/res-ble-advd.o
LOAD obj_srf06-cc26xx/res-net.o
LOAD obj_srf06-cc26xx/cetic-6lbr-client.o
LOAD obj_srf06-cc26xx/coap-server.o
LOAD obj_srf06-cc26xx/net-uart.o
LOAD obj_srf06-cc26xx/mqtt-client.o
LOAD obj_srf06-cc26xx/httpd-simple.o
LOAD contiki-srf06-cc26xx.a
LOAD /usr/bin/../lib/gcc/arm-none-eabi/4.9.3/../../../../arm-none-eabi/lib/armv7-m/libm.a
START GROUP
LOAD /usr/bin/../lib/gcc/arm-none-eabi/4.9.3/armv7-m/libgcc.a
LOAD /usr/bin/../lib/gcc/arm-none-eabi/4.9.3/../../../../arm-none-eabi/lib/armv7-m/libc.a
END GROUP
                0x20005000                _estack = (ORIGIN (SRAM) + 0x5000)
                0x00000000                _Min_Heap_Size = 0x0
                0x00000100                _Min_Stack_Size = 0x100

.text           0x00000000    0x19fc1
                0x00000000                _text = .
 *(SORT(.vectors))
 .vectors       0x00000000       0xc8 obj_srf06-cc26xx/startup_gcc.o
                0x00000000                gVectors
 *(SORT(.text*))
 .text.value    0x000000c8       0xb0 contiki-srf06-cc26xx.a(opt-3001-sensor)
 .text.value    0x00000178       0x9c contiki-srf06-cc26xx.a(hdc-1000-sensor)
 *fill*         0x00000214        0x4 00000000
 .text.value    0x00000218      0x1b4 contiki-srf06-cc26xx.a(mpu-9250-sensor)
 *fill*         0x000003cc        0x4 00000000
 .text.__ieee754_pow
                0x000003d0      0xaa0 /usr/bin/../lib/gcc/arm-none-eabi/4.9.3/../../../../arm-none-eabi/lib/armv7-m/libm.a(lib_a-e_pow.o)
                0x000003d0                __ieee754_pow
 .text.scalbn   0x00000e70       0xec /usr/bin/../lib/gcc/arm-none-eabi/4.9.3/../../../../arm-none-eabi/lib/armv7-m/libm.a(lib_a-s_scalbn.o)
                0x00000e70                scalbn
 .text.FaultISR
                0x00000f5c       0x18 obj_srf06-cc26xx/fault-handlers.o
                0x00000f5c                FaultISR
 .text.NmiSRHandler
                0x00000f74        0x4 obj_srf06-cc26xx/startup_gcc.o
                0x00000f74                NmiSR
 .text.IntDefaultHandler
                0x00000f78        0x4 obj_srf06-cc26xx/startup_gcc.o
                0x00000f78                TRNGIntHandler
                0x00000f78                SSI0IntHandler
                0x00000f78                SWEvent0IntHandler
                0x00000f78                uDMAIntHandler
                0x00000f78                WatchdogIntHandler
                0x00000f78                RFCHardwareIntHandler
                0x00000f78                Timer1BIntHandler
                0x00000f78                I2SIntHandler
                0x00000f78                Timer2BIntHandler
                0x00000f78                Timer2AIntHandler
                0x00000f78                Timer1AIntHandler
                0x00000f78                AONIntHandler
                0x00000f78                AUXSWEvent0IntHandler
                0x00000f78                AUXADCIntHandler
                0x00000f78                PendSVIntHandler
                0x00000f78                AUXSWEvent1IntHandler
                0x00000f78                SVCallIntHandler
                0x00000f78                MPUFaultIntHandler
                0x00000f78                SysTickIntHandler
                0x00000f78                BusFaultIntHandler
                0x00000f78                AONProgIntHandler
                0x00000f78                AUXCompAIntHandler
                0x00000f78                SSI1IntHandler
                0x00000f78                FlashIntHandler
                0x00000f78                uDMAErrIntHandler
                0x00000f78                UsageFaultIntHandler
                0x00000f78                RFCCmdAckIntHandler
                0x00000f78                CryptoIntHandler
                0x00000f78                Timer0AIntHandler
                0x00000f78                I2CIntHandler
                0x00000f78                DebugMonIntHandler
                0x00000f78                Timer0BIntHandler
                0x00000f78                AUXCombEventIntHandler
                0x00000f78                Timer3AIntHandler
                0x00000f78                DynProgIntHandler
                0x00000f78                Timer3BIntHandler
 .text.ResetISR
                0x00000f7c       0x5c obj_srf06-cc26xx/startup_gcc.o
                0x00000f7c                ResetISR
 .text.publish_led_off
                0x00000fd8        0x8 cc26xx-web-demo.co
 .text.load_config
                0x00000fe0       0xa8 cc26xx-web-demo.co
 .text.get_batmon_reading
                0x00001088       0xf4 cc26xx-web-demo.co
 .text.print_mpu_reading
                0x0000117c       0x3c cc26xx-web-demo.co
 .text.sensor_readings_handler
                0x000011b8       0x7c cc26xx-web-demo.co
 .text.init_bmp_reading
                0x00001234       0x3c cc26xx-web-demo.co
 .text.init_light_reading
                0x00001270       0x30 cc26xx-web-demo.co
 .text.init_hdc_reading
                0x000012a0       0x3c cc26xx-web-demo.co
 .text.init_tmp_reading
                0x000012dc       0x3c cc26xx-web-demo.co
 .text.init_mpu_reading
                0x00001318       0x78 cc26xx-web-demo.co
 .text.init_sensor_readings
                0x00001390       0x2c cc26xx-web-demo.co
 .text.echo_reply_handler
                0x000013bc       0x24 cc26xx-web-demo.co
 .text.save_config
                0x000013e0       0x94 cc26xx-web-demo.co
 .text.ping_interval_post_handler
                0x00001474       0x44 cc26xx-web-demo.co
 .text.cc26xx_web_demo_ipaddr_sprintf
                0x000014b8       0xa4 cc26xx-web-demo.co
                0x000014b8                cc26xx_web_demo_ipaddr_sprintf
 .text.cc26xx_web_demo_sensor_first
                0x0000155c        0xc cc26xx-web-demo.co
                0x0000155c                cc26xx_web_demo_sensor_first
 .text.cc26xx_web_demo_restore_defaults
                0x00001568       0x50 cc26xx-web-demo.co
                0x00001568                cc26xx_web_demo_restore_defaults
 .text.process_thread_cc26xx_web_demo_process
                0x000015b8      0xae0 cc26xx-web-demo.co
 .text.defaults_post_handler
                0x00002098       0x24 cc26xx-web-demo.co
 .text.process_thread_cetic_6lbr_client_process
                0x000020bc      0x2a0 obj_srf06-cc26xx/cetic-6lbr-client.o
 .text.set_new_ip_address
                0x0000235c       0x24 obj_srf06-cc26xx/net-uart.o
 .text.set_config_defaults
                0x00002380       0x58 obj_srf06-cc26xx/net-uart.o
 .text.process_thread_net_uart_process
                0x000023d8      0x19c obj_srf06-cc26xx/net-uart.o
 .text.remote_ipv6_post_handler
                0x00002574       0x54 obj_srf06-cc26xx/net-uart.o
 .text.remote_port_post_handler
                0x000025c8       0x44 obj_srf06-cc26xx/net-uart.o
 .text.on_off_post_handler
                0x0000260c       0x58 obj_srf06-cc26xx/net-uart.o
 .text.publish_led_off
                0x00002664        0x8 obj_srf06-cc26xx/mqtt-client.o
 .text.mqtt_event
                0x0000266c      0x174 obj_srf06-cc26xx/mqtt-client.o
 .text.unlikely.arrToString
                0x000027e0       0x54 obj_srf06-cc26xx/mqtt-client.o
 .text.init_config
                0x00002834       0xf0 obj_srf06-cc26xx/mqtt-client.o
 .text.update_config
                0x00002924       0xcc obj_srf06-cc26xx/mqtt-client.o
 .text.process_thread_mqtt_client_process
                0x000029f0      0x7fc obj_srf06-cc26xx/mqtt-client.o
 .text.new_net_config.part.1
                0x000031ec       0x24 obj_srf06-cc26xx/mqtt-client.o
 .text.org_id_post_handler
                0x00003210       0x60 obj_srf06-cc26xx/mqtt-client.o
 .text.type_id_post_handler
                0x00003270       0x64 obj_srf06-cc26xx/mqtt-client.o
 .text.event_type_id_post_handler
                0x000032d4       0x64 obj_srf06-cc26xx/mqtt-client.o
 .text.cmd_type_post_handler
                0x00003338       0x78 obj_srf06-cc26xx/mqtt-client.o
 .text.auth_token_post_handler
                0x000033b0       0x64 obj_srf06-cc26xx/mqtt-client.o
 .text.ip_addr_post_handler
                0x00003414       0x64 obj_srf06-cc26xx/mqtt-client.o
 .text.reconnect_post_handler
                0x00003478       0x34 obj_srf06-cc26xx/mqtt-client.o
 .text.port_post_handler
                0x000034ac       0x58 obj_srf06-cc26xx/mqtt-client.o
 .text.interval_post_handler
                0x00003504       0x48 obj_srf06-cc26xx/mqtt-client.o
 .text.enqueue_chunk
                0x0000354c      0x110 obj_srf06-cc26xx/httpd-simple.o
 .text.generate_top_matter
                0x0000365c      0x270 obj_srf06-cc26xx/httpd-simple.o
 .text.generate_mqtt_config
                0x000038cc      0x800 obj_srf06-cc26xx/httpd-simple.o
 .text.generate_net_uart_config
                0x000040cc      0x3e0 obj_srf06-cc26xx/httpd-simple.o
 .text.send_headers
                0x000044ac      0x124 obj_srf06-cc26xx/httpd-simple.o
 .text.generate_config
                0x000045d0      0x59c obj_srf06-cc26xx/httpd-simple.o
 .text.generate_index
                0x00004b6c      0x540 obj_srf06-cc26xx/httpd-simple.o
 .text.send_string
                0x000050ac       0x44 obj_srf06-cc26xx/httpd-simple.o
 .text.handle_output
                0x000050f0      0x2e0 obj_srf06-cc26xx/httpd-simple.o
 .text.handle_input
                0x000053d0      0x5ac obj_srf06-cc26xx/httpd-simple.o
 .text.process_thread_httpd_simple_process
                0x0000597c      0x1b0 obj_srf06-cc26xx/httpd-simple.o
 .text.httpd_simple_register_post_handler
                0x00005b2c        0xc obj_srf06-cc26xx/httpd-simple.o
                0x00005b2c                httpd_simple_register_post_handler
 .text.call_event
                0x00005b38       0x1c contiki-srf06-cc26xx.a(mqtt.o)
 .text.encode_remaining_length
                0x00005b54       0x70 contiki-srf06-cc26xx.a(mqtt.o)
 .text.connect_tcp
                0x00005bc4       0x7c contiki-srf06-cc26xx.a(mqtt.o)
 .text.abort_connection
                0x00005c40       0x40 contiki-srf06-cc26xx.a(mqtt.o)
 .text.tcp_event
                0x00005c80       0xc4 contiki-srf06-cc26xx.a(mqtt.o)
 .text.send_out_buffer
                0x00005d44       0x3c contiki-srf06-cc26xx.a(mqtt.o)
 .text.write_byte
                0x00005d80       0x38 contiki-srf06-cc26xx.a(mqtt.o)
 .text.write_bytes
                0x00005db8       0x60 contiki-srf06-cc26xx.a(mqtt.o)
 .text.string_to_mqtt_string
                0x00005e18       0x18 contiki-srf06-cc26xx.a(mqtt.o)
 .text.handle_publish
                0x00005e30       0x6c contiki-srf06-cc26xx.a(mqtt.o)
 .text.tcp_input
                0x00005e9c      0x494 contiki-srf06-cc26xx.a(mqtt.o)
 .text.keep_alive_callback
                0x00006330       0x50 contiki-srf06-cc26xx.a(mqtt.o)
 .text.mqtt_init.part.3
                0x00006380       0xac contiki-srf06-cc26xx.a(mqtt.o)
 .text.process_thread_mqtt_process
                0x0000642c     0x13c4 contiki-srf06-cc26xx.a(mqtt.o)
 .text.mqtt_register
                0x000077f0       0x90 contiki-srf06-cc26xx.a(mqtt.o)
                0x000077f0                mqtt_register
 .text.mqtt_connect
                0x00007880       0x5c contiki-srf06-cc26xx.a(mqtt.o)
                0x00007880                mqtt_connect
 .text.mqtt_disconnect
                0x000078dc       0x24 contiki-srf06-cc26xx.a(mqtt.o)
                0x000078dc                mqtt_disconnect
 .text.mqtt_subscribe
                0x00007900       0x94 contiki-srf06-cc26xx.a(mqtt.o)
                0x00007900                mqtt_subscribe
 .text.mqtt_publish
                0x00007994       0xa0 contiki-srf06-cc26xx.a(mqtt.o)
                0x00007994                mqtt_publish
 .text.mqtt_set_username_password
                0x00007a34       0x3c contiki-srf06-cc26xx.a(mqtt.o)
                0x00007a34                mqtt_set_username_password
 .text.fade     0x00007a70       0x64 contiki-srf06-cc26xx.a(contiki-main.o)
 .text.startup.main
                0x00007ad4      0x1e4 contiki-srf06-cc26xx.a(contiki-main.o)
                0x00007ad4                main
 .text.process_thread_sensors_process
                0x00007cb8       0xf8 contiki-srf06-cc26xx.a(sensors.o)
 .text.sensors_changed
                0x00007db0       0x50 contiki-srf06-cc26xx.a(sensors.o)
                0x00007db0                sensors_changed
 .text.leds_init
                0x00007e00       0x14 contiki-srf06-cc26xx.a(leds.o)
                0x00007e00                leds_init
 .text.leds_on  0x00007e14       0x14 contiki-srf06-cc26xx.a(leds.o)
                0x00007e14                leds_on
 .text.leds_off
                0x00007e28       0x14 contiki-srf06-cc26xx.a(leds.o)
                0x00007e28                leds_off
 .text.leds_arch_init
                0x00007e3c       0x38 contiki-srf06-cc26xx.a(leds-arch.o)
                0x00007e3c                leds_arch_init
 .text.leds_arch_set
                0x00007e74       0x34 contiki-srf06-cc26xx.a(leds-arch.o)
                0x00007e74                leds_arch_set
 .text.status   0x00007ea8       0x14 contiki-srf06-cc26xx.a(bmp-280-sensor.)
 .text.notify_ready
                0x00007ebc       0x14 contiki-srf06-cc26xx.a(bmp-280-sensor.)
 .text.enable_sensor
                0x00007ed0       0x2c contiki-srf06-cc26xx.a(bmp-280-sensor.)
 .text.configure
                0x00007efc       0x94 contiki-srf06-cc26xx.a(bmp-280-sensor.)
 .text.value    0x00007f90      0x15c contiki-srf06-cc26xx.a(bmp-280-sensor.)
 .text.status   0x000080ec       0x14 contiki-srf06-cc26xx.a(tmp-007-sensor.)
 .text.notify_ready
                0x00008100       0x14 contiki-srf06-cc26xx.a(tmp-007-sensor.)
 .text.enable_sensor
                0x00008114       0x2c contiki-srf06-cc26xx.a(tmp-007-sensor.)
 .text.configure
                0x00008140       0x94 contiki-srf06-cc26xx.a(tmp-007-sensor.)
 .text.value    0x000081d4       0xec contiki-srf06-cc26xx.a(tmp-007-sensor.)
 .text.status   0x000082c0        0xc contiki-srf06-cc26xx.a(opt-3001-sensor)
 .text.enable_sensor
                0x000082cc       0x44 contiki-srf06-cc26xx.a(opt-3001-sensor)
 .text.notify_ready
                0x00008310       0x54 contiki-srf06-cc26xx.a(opt-3001-sensor)
 .text.configure
                0x00008364       0x4c contiki-srf06-cc26xx.a(opt-3001-sensor)
 .text.status   0x000083b0       0x14 contiki-srf06-cc26xx.a(hdc-1000-sensor)
 .text.notify_ready
                0x000083c4       0x60 contiki-srf06-cc26xx.a(hdc-1000-sensor)
 .text.configure
                0x00008424       0xb8 contiki-srf06-cc26xx.a(hdc-1000-sensor)
 .text.acc_convert
                0x000084dc       0x70 contiki-srf06-cc26xx.a(mpu-9250-sensor)
 .text.status   0x0000854c       0x14 contiki-srf06-cc26xx.a(mpu-9250-sensor)
 .text.notify_ready
                0x00008560       0x14 contiki-srf06-cc26xx.a(mpu-9250-sensor)
 .text.sensor_sleep
                0x00008574       0x38 contiki-srf06-cc26xx.a(mpu-9250-sensor)
 .text.configure
                0x000085ac       0xdc contiki-srf06-cc26xx.a(mpu-9250-sensor)
 .text.int_status
                0x00008688       0x28 contiki-srf06-cc26xx.a(mpu-9250-sensor)
 .text.initialise
                0x000086b0       0xfc contiki-srf06-cc26xx.a(mpu-9250-sensor)
 .text.status.part.0
                0x000087ac       0x14 contiki-srf06-cc26xx.a(button-sensor.o)
 .text.value_left
                0x000087c0       0x24 contiki-srf06-cc26xx.a(button-sensor.o)
 .text.value_right
                0x000087e4       0x18 contiki-srf06-cc26xx.a(button-sensor.o)
 .text.status_left
                0x000087fc       0x10 contiki-srf06-cc26xx.a(button-sensor.o)
 .text.status_right
                0x0000880c       0x10 contiki-srf06-cc26xx.a(button-sensor.o)
 .text.config_buttons
                0x0000881c       0x8c contiki-srf06-cc26xx.a(button-sensor.o)
 .text.config_left
                0x000088a8        0xc contiki-srf06-cc26xx.a(button-sensor.o)
 .text.config_right
                0x000088b4        0xc contiki-srf06-cc26xx.a(button-sensor.o)
 .text.button_press_handler
                0x000088c0       0x64 contiki-srf06-cc26xx.a(button-sensor.o)
 .text.value    0x00008924       0x10 contiki-srf06-cc26xx.a(reed-relay.o)
 .text.status   0x00008934       0x20 contiki-srf06-cc26xx.a(reed-relay.o)
 .text.configure
                0x00008954       0x6c contiki-srf06-cc26xx.a(reed-relay.o)
 .text.reed_interrupt_handler
                0x000089c0       0x28 contiki-srf06-cc26xx.a(reed-relay.o)
 .text.write_enable
                0x000089e8       0x2c contiki-srf06-cc26xx.a(ext-flash.o)
 .text.verify_part
                0x00008a14       0x6c contiki-srf06-cc26xx.a(ext-flash.o)
 .text.wait_ready
                0x00008a80       0x64 contiki-srf06-cc26xx.a(ext-flash.o)
 .text.power_down
                0x00008ae4       0x50 contiki-srf06-cc26xx.a(ext-flash.o)
 .text.ext_flash_open
                0x00008b34       0x60 contiki-srf06-cc26xx.a(ext-flash.o)
                0x00008b34                ext_flash_open
 .text.ext_flash_close
                0x00008b94       0x10 contiki-srf06-cc26xx.a(ext-flash.o)
                0x00008b94                ext_flash_close
 .text.ext_flash_read
                0x00008ba4       0x54 contiki-srf06-cc26xx.a(ext-flash.o)
                0x00008ba4                ext_flash_read
 .text.ext_flash_write
                0x00008bf8       0x98 contiki-srf06-cc26xx.a(ext-flash.o)
                0x00008bf8                ext_flash_write
 .text.ext_flash_erase
                0x00008c90       0x90 contiki-srf06-cc26xx.a(ext-flash.o)
                0x00008c90                ext_flash_erase
 .text.ext_flash_init
                0x00008d20       0x14 contiki-srf06-cc26xx.a(ext-flash.o)
                0x00008d20                ext_flash_init
 .text.buzzer_init
                0x00008d34        0xc contiki-srf06-cc26xx.a(buzzer.o)
                0x00008d34                buzzer_init
 .text.buzzer_start
                0x00008d40       0xa4 contiki-srf06-cc26xx.a(buzzer.o)
                0x00008d40                buzzer_start
 .text.buzzer_stop
                0x00008de4       0x74 contiki-srf06-cc26xx.a(buzzer.o)
                0x00008de4                buzzer_stop
 .text.power_domains_on
                0x00008e58       0x20 contiki-srf06-cc26xx.a(board.o)
 .text.lpm_wakeup_handler
                0x00008e78        0x4 contiki-srf06-cc26xx.a(board.o)
 .text.shutdown_handler
                0x00008e7c       0x68 contiki-srf06-cc26xx.a(board.o)
 .text.board_init
                0x00008ee4      0x118 contiki-srf06-cc26xx.a(board.o)
                0x00008ee4                board_init
 .text.accessible
                0x00008ffc       0x24 contiki-srf06-cc26xx.a(board-spi.o)
 .text.board_spi_write
                0x00009020       0x3c contiki-srf06-cc26xx.a(board-spi.o)
                0x00009020                board_spi_write
 .text.board_spi_read
                0x0000905c       0x48 contiki-srf06-cc26xx.a(board-spi.o)
                0x0000905c                board_spi_read
 .text.board_spi_flush
                0x000090a4       0x24 contiki-srf06-cc26xx.a(board-spi.o)
                0x000090a4                board_spi_flush
 .text.board_spi_open
                0x000090c8       0xc0 contiki-srf06-cc26xx.a(board-spi.o)
                0x000090c8                board_spi_open
 .text.board_spi_close
                0x00009188       0x70 contiki-srf06-cc26xx.a(board-spi.o)
                0x00009188                board_spi_close
 .text.i2c_status
                0x000091f8       0x34 contiki-srf06-cc26xx.a(board-i2c.o)
 .text.accessible
                0x0000922c       0x24 contiki-srf06-cc26xx.a(board-i2c.o)
 .text.board_i2c_wakeup
                0x00009250       0x5c contiki-srf06-cc26xx.a(board-i2c.o)
                0x00009250                board_i2c_wakeup
 .text.board_i2c_shutdown
                0x000092ac       0xa4 contiki-srf06-cc26xx.a(board-i2c.o)
                0x000092ac                board_i2c_shutdown
 .text.board_i2c_write
                0x00009350       0xc0 contiki-srf06-cc26xx.a(board-i2c.o)
                0x00009350                board_i2c_write
 .text.board_i2c_write_single
                0x00009410       0x44 contiki-srf06-cc26xx.a(board-i2c.o)
                0x00009410                board_i2c_write_single
 .text.board_i2c_read
                0x00009454       0xb4 contiki-srf06-cc26xx.a(board-i2c.o)
                0x00009454                board_i2c_read
 .text.board_i2c_write_read
                0x00009508      0x138 contiki-srf06-cc26xx.a(board-i2c.o)
                0x00009508                board_i2c_write_read
 .text.board_i2c_select
                0x00009640       0xdc contiki-srf06-cc26xx.a(board-i2c.o)
                0x00009640                board_i2c_select
 .text.power_domain_on
                0x0000971c       0x20 contiki-srf06-cc26xx.a(clock.o)
 .text.clock_init
                0x0000973c       0x90 contiki-srf06-cc26xx.a(clock.o)
                0x0000973c                clock_init
 .text.clock_time
                0x000097cc       0x34 contiki-srf06-cc26xx.a(clock.o)
                0x000097cc                clock_time
 .text.clock_update
                0x00009800       0x3c contiki-srf06-cc26xx.a(clock.o)
                0x00009800                clock_update
 .text.clock_seconds
                0x0000983c       0x18 contiki-srf06-cc26xx.a(clock.o)
                0x0000983c                clock_seconds
 .text.rtimer_arch_init
                0x00009854        0x4 contiki-srf06-cc26xx.a(rtimer-arch.o)
                0x00009854                rtimer_arch_init
 .text.rtimer_arch_schedule
                0x00009858        0x8 contiki-srf06-cc26xx.a(rtimer-arch.o)
                0x00009858                rtimer_arch_schedule
 .text.rtimer_arch_now
                0x00009860        0x4 contiki-srf06-cc26xx.a(rtimer-arch.o)
                0x00009860                rtimer_arch_now
 .text.soc_rtc_init
                0x00009864       0x94 contiki-srf06-cc26xx.a(soc-rtc.o)
                0x00009864                soc_rtc_init
 .text.soc_rtc_get_next_trigger
                0x000098f8       0x28 contiki-srf06-cc26xx.a(soc-rtc.o)
                0x000098f8                soc_rtc_get_next_trigger
 .text.soc_rtc_schedule_one_shot
                0x00009920       0x4c contiki-srf06-cc26xx.a(soc-rtc.o)
                0x00009920                soc_rtc_schedule_one_shot
 .text.soc_rtc_last_isr_time
                0x0000996c        0xc contiki-srf06-cc26xx.a(soc-rtc.o)
                0x0000996c                soc_rtc_last_isr_time
 .text.AONRTCIntHandler
                0x00009978       0x68 contiki-srf06-cc26xx.a(soc-rtc.o)
                0x00009978                AONRTCIntHandler
 .text.lock_config
                0x000099e0       0x18 contiki-srf06-cc26xx.a(contiki-watchdo)
 .text.unlock_config
                0x000099f8       0x2c contiki-srf06-cc26xx.a(contiki-watchdo)
 .text.watchdog_init
                0x00009a24       0x1c contiki-srf06-cc26xx.a(contiki-watchdo)
                0x00009a24                watchdog_init
 .text.watchdog_start
                0x00009a40       0x30 contiki-srf06-cc26xx.a(contiki-watchdo)
                0x00009a40                watchdog_start
 .text.watchdog_periodic
                0x00009a70       0x1c contiki-srf06-cc26xx.a(contiki-watchdo)
                0x00009a70                watchdog_periodic
 .text.putchar  0x00009a8c       0x10 contiki-srf06-cc26xx.a(putchar.o)
                0x00009a8c                putchar
 .text.puts     0x00009a9c       0x30 contiki-srf06-cc26xx.a(putchar.o)
                0x00009a9c                puts
 .text.dbg_send_bytes
                0x00009acc       0x40 contiki-srf06-cc26xx.a(putchar.o)
                0x00009acc                dbg_send_bytes
 .text.ieee_addr_cpy_to
                0x00009b0c       0x40 contiki-srf06-cc26xx.a(ieee-addr.o)
                0x00009b0c                ieee_addr_cpy_to
 .text.configure
                0x00009b4c       0x34 contiki-srf06-cc26xx.a(batmon-sensor.o)
 .text.status   0x00009b80       0x14 contiki-srf06-cc26xx.a(batmon-sensor.o)
 .text.value    0x00009b94       0x24 contiki-srf06-cc26xx.a(batmon-sensor.o)
 .text.power_and_clock
                0x00009bb8       0x40 contiki-srf06-cc26xx.a(cc26xx-uart.o)
 .text.enable   0x00009bf8       0xf4 contiki-srf06-cc26xx.a(cc26xx-uart.o)
 .text.accessible
                0x00009cec       0x24 contiki-srf06-cc26xx.a(cc26xx-uart.o)
 .text.lpm_drop_handler
                0x00009d10       0xcc contiki-srf06-cc26xx.a(cc26xx-uart.o)
 .text.cc26xx_uart_init
                0x00009ddc       0x28 contiki-srf06-cc26xx.a(cc26xx-uart.o)
                0x00009ddc                cc26xx_uart_init
 .text.cc26xx_uart_write_byte
                0x00009e04       0x28 contiki-srf06-cc26xx.a(cc26xx-uart.o)
                0x00009e04                cc26xx_uart_write_byte
 .text.cc26xx_uart_set_input
                0x00009e2c       0x64 contiki-srf06-cc26xx.a(cc26xx-uart.o)
                0x00009e2c                cc26xx_uart_set_input
 .text.cc26xx_uart_busy
                0x00009e90       0x18 contiki-srf06-cc26xx.a(cc26xx-uart.o)
                0x00009e90                cc26xx_uart_busy
 .text.UART0IntHandler
                0x00009ea8       0x54 contiki-srf06-cc26xx.a(cc26xx-uart.o)
                0x00009ea8                UART0IntHandler
 .text.lpm_shutdown
                0x00009efc      0x1b8 contiki-srf06-cc26xx.a(lpm.o)
                0x00009efc                lpm_shutdown
 .text.lpm_drop
                0x0000a0b4      0x1f4 contiki-srf06-cc26xx.a(lpm.o)
                0x0000a0b4                lpm_drop
 .text.lpm_sleep
                0x0000a2a8       0x14 contiki-srf06-cc26xx.a(lpm.o)
                0x0000a2a8                lpm_sleep
 .text.lpm_register_module
                0x0000a2bc        0xc contiki-srf06-cc26xx.a(lpm.o)
                0x0000a2bc                lpm_register_module
 .text.lpm_unregister_module
                0x0000a2c8        0xc contiki-srf06-cc26xx.a(lpm.o)
                0x0000a2c8                lpm_unregister_module
 .text.lpm_init
                0x0000a2d4       0x20 contiki-srf06-cc26xx.a(lpm.o)
                0x0000a2d4                lpm_init
 .text.lpm_pin_set_default_state
                0x0000a2f4       0x30 contiki-srf06-cc26xx.a(lpm.o)
                0x0000a2f4                lpm_pin_set_default_state
 .text.gpio_interrupt_register_handler
                0x0000a324       0x2c contiki-srf06-cc26xx.a(gpio-interrupt.)
                0x0000a324                gpio_interrupt_register_handler
 .text.gpio_interrupt_init
                0x0000a350       0x24 contiki-srf06-cc26xx.a(gpio-interrupt.)
                0x0000a350                gpio_interrupt_init
 .text.GPIOIntHandler
                0x0000a374       0x30 contiki-srf06-cc26xx.a(gpio-interrupt.)
                0x0000a374                GPIOIntHandler
 .text.osc_interface_dis
                0x0000a3a4       0x28 contiki-srf06-cc26xx.a(oscillators.o)
 .text.osc_interface_en
                0x0000a3cc       0x30 contiki-srf06-cc26xx.a(oscillators.o)
 .text.oscillators_select_lf_xosc
                0x0000a3fc       0x48 contiki-srf06-cc26xx.a(oscillators.o)
                0x0000a3fc                oscillators_select_lf_xosc
 .text.oscillators_select_lf_rcosc
                0x0000a444       0x30 contiki-srf06-cc26xx.a(oscillators.o)
                0x0000a444                oscillators_select_lf_rcosc
 .text.oscillators_request_hf_xosc
                0x0000a474       0x24 contiki-srf06-cc26xx.a(oscillators.o)
                0x0000a474                oscillators_request_hf_xosc
 .text.oscillators_switch_to_hf_xosc
                0x0000a498       0x28 contiki-srf06-cc26xx.a(oscillators.o)
                0x0000a498                oscillators_switch_to_hf_xosc
 .text.oscillators_switch_to_hf_rc
                0x0000a4c0       0x2c contiki-srf06-cc26xx.a(oscillators.o)
                0x0000a4c0                oscillators_switch_to_hf_rc
 .text.rf_ble_is_active
                0x0000a4ec        0xc contiki-srf06-cc26xx.a(rf-ble.o)
                0x0000a4ec                rf_ble_is_active
 .text.request  0x0000a4f8       0x20 contiki-srf06-cc26xx.a(ieee-mode.o)
 .text.rx_on    0x0000a518       0x60 contiki-srf06-cc26xx.a(ieee-mode.o)
 .text.rf_radio_setup
                0x0000a578       0x74 contiki-srf06-cc26xx.a(ieee-mode.o)
 .text.soft_on  0x0000a5ec       0x18 contiki-srf06-cc26xx.a(ieee-mode.o)
 .text.pending_packet
                0x0000a604       0x34 contiki-srf06-cc26xx.a(ieee-mode.o)
 .text.prepare  0x0000a638       0x1c contiki-srf06-cc26xx.a(ieee-mode.o)
 .text.read_frame
                0x0000a654       0x58 contiki-srf06-cc26xx.a(ieee-mode.o)
 .text.soft_off
                0x0000a6ac       0x3c contiki-srf06-cc26xx.a(ieee-mode.o)
 .text.get_object
                0x0000a6e8       0x30 contiki-srf06-cc26xx.a(ieee-mode.o)
 .text.transmitting
                0x0000a718       0x4c contiki-srf06-cc26xx.a(ieee-mode.o)
 .text.rx_off   0x0000a764       0x5c contiki-srf06-cc26xx.a(ieee-mode.o)
 .text.get_cca_info
                0x0000a7c0       0x44 contiki-srf06-cc26xx.a(ieee-mode.o)
 .text.off      0x0000a804       0x4c contiki-srf06-cc26xx.a(ieee-mode.o)
 .text.receiving_packet
                0x0000a850       0x40 contiki-srf06-cc26xx.a(ieee-mode.o)
 .text.on       0x0000a890       0x9c contiki-srf06-cc26xx.a(ieee-mode.o)
 .text.set_value
                0x0000a92c      0x154 contiki-srf06-cc26xx.a(ieee-mode.o)
 .text.get_value
                0x0000aa80      0x134 contiki-srf06-cc26xx.a(ieee-mode.o)
 .text.transmit
                0x0000abb4       0xb0 contiki-srf06-cc26xx.a(ieee-mode.o)
 .text.send     0x0000ac64       0x24 contiki-srf06-cc26xx.a(ieee-mode.o)
 .text.set_object
                0x0000ac88       0x68 contiki-srf06-cc26xx.a(ieee-mode.o)
 .text.channel_clear
                0x0000acf0       0x68 contiki-srf06-cc26xx.a(ieee-mode.o)
 .text.init     0x0000ad58       0xe0 contiki-srf06-cc26xx.a(ieee-mode.o)
 .text.write_str
                0x0000ae38       0x14 contiki-srf06-cc26xx.a(dbg-printf.o)
 .text.printf   0x0000ae4c       0x24 contiki-srf06-cc26xx.a(dbg-printf.o)
                0x0000ae4c                printf
 .text.buffer_str
                0x0000ae70       0x28 contiki-srf06-cc26xx.a(dbg-snprintf.o)
 .text.snprintf
                0x0000ae98       0x38 contiki-srf06-cc26xx.a(dbg-snprintf.o)
                0x0000ae98                snprintf
 .text.vsnprintf
                0x0000aed0       0x28 contiki-srf06-cc26xx.a(dbg-snprintf.o)
                0x0000aed0                vsnprintf
 .text.buffer_str
                0x0000aef8       0x18 contiki-srf06-cc26xx.a(dbg-sprintf.o)
 .text.sprintf  0x0000af10       0x34 contiki-srf06-cc26xx.a(dbg-sprintf.o)
                0x0000af10                sprintf
 .text.fill_space
                0x0000af44       0x3c contiki-srf06-cc26xx.a(strformat.o)
 .text.format_str_v
                0x0000af80      0x95c contiki-srf06-cc26xx.a(strformat.o)
                0x0000af80                format_str_v
 .text.autostart_start
                0x0000b8dc       0x18 contiki-srf06-cc26xx.a(autostart.o)
                0x0000b8dc                autostart_start
 .text.process_thread_ctimer_process
                0x0000b8f4       0x94 contiki-srf06-cc26xx.a(ctimer.o)
 .text.ctimer_init
                0x0000b988       0x28 contiki-srf06-cc26xx.a(ctimer.o)
                0x0000b988                ctimer_init
 .text.ctimer_set_with_process
                0x0000b9b0       0x4c contiki-srf06-cc26xx.a(ctimer.o)
                0x0000b9b0                ctimer_set_with_process
 .text.ctimer_set
                0x0000b9fc       0x18 contiki-srf06-cc26xx.a(ctimer.o)
                0x0000b9fc                ctimer_set
 .text.ctimer_reset
                0x0000ba14       0x38 contiki-srf06-cc26xx.a(ctimer.o)
                0x0000ba14                ctimer_reset
 .text.ctimer_restart
                0x0000ba4c       0x38 contiki-srf06-cc26xx.a(ctimer.o)
                0x0000ba4c                ctimer_restart
 .text.ctimer_stop
                0x0000ba84       0x34 contiki-srf06-cc26xx.a(ctimer.o)
                0x0000ba84                ctimer_stop
 .text.energest_init
                0x0000bab8        0x4 contiki-srf06-cc26xx.a(energest.o)
                0x0000bab8                energest_init
 .text.update_time
                0x0000babc       0x44 contiki-srf06-cc26xx.a(etimer.o)
 .text.process_thread_etimer_process
                0x0000bb00       0xc8 contiki-srf06-cc26xx.a(etimer.o)
 .text.add_timer
                0x0000bbc8       0x54 contiki-srf06-cc26xx.a(etimer.o)
 .text.etimer_request_poll
                0x0000bc1c        0xc contiki-srf06-cc26xx.a(etimer.o)
                0x0000bc1c                etimer_request_poll
 .text.etimer_set
                0x0000bc28       0x14 contiki-srf06-cc26xx.a(etimer.o)
                0x0000bc28                etimer_set
 .text.etimer_reset
                0x0000bc3c       0x14 contiki-srf06-cc26xx.a(etimer.o)
                0x0000bc3c                etimer_reset
 .text.etimer_restart
                0x0000bc50       0x14 contiki-srf06-cc26xx.a(etimer.o)
                0x0000bc50                etimer_restart
 .text.etimer_expired
                0x0000bc64        0xc contiki-srf06-cc26xx.a(etimer.o)
                0x0000bc64                etimer_expired
 .text.etimer_expiration_time
                0x0000bc70        0x8 contiki-srf06-cc26xx.a(etimer.o)
                0x0000bc70                etimer_expiration_time
 .text.etimer_pending
                0x0000bc78       0x10 contiki-srf06-cc26xx.a(etimer.o)
                0x0000bc78                etimer_pending
 .text.etimer_next_expiration_time
                0x0000bc88       0x14 contiki-srf06-cc26xx.a(etimer.o)
                0x0000bc88                etimer_next_expiration_time
 .text.etimer_stop
                0x0000bc9c       0x4c contiki-srf06-cc26xx.a(etimer.o)
                0x0000bc9c                etimer_stop
 .text.exit_process
                0x0000bce8       0xb0 contiki-srf06-cc26xx.a(process.o)
 .text.call_process.part.0
                0x0000bd98       0x38 contiki-srf06-cc26xx.a(process.o)
 .text.do_poll  0x0000bdd0       0x3c contiki-srf06-cc26xx.a(process.o)
 .text.process_alloc_event
                0x0000be0c       0x10 contiki-srf06-cc26xx.a(process.o)
                0x0000be0c                process_alloc_event
 .text.process_init
                0x0000be1c       0x34 contiki-srf06-cc26xx.a(process.o)
                0x0000be1c                process_init
 .text.process_run
                0x0000be50       0xd8 contiki-srf06-cc26xx.a(process.o)
                0x0000be50                process_run
 .text.process_nevents
                0x0000bf28       0x14 contiki-srf06-cc26xx.a(process.o)
                0x0000bf28                process_nevents
 .text.process_post
                0x0000bf3c       0x50 contiki-srf06-cc26xx.a(process.o)
                0x0000bf3c                process_post
 .text.process_post_synch
                0x0000bf8c       0x18 contiki-srf06-cc26xx.a(process.o)
                0x0000bf8c                process_post_synch
 .text.process_start
                0x0000bfa4       0x40 contiki-srf06-cc26xx.a(process.o)
                0x0000bfa4                process_start
 .text.process_poll
                0x0000bfe4       0x18 contiki-srf06-cc26xx.a(process.o)
                0x0000bfe4                process_poll
 .text.rtimer_init
                0x0000bffc        0x4 contiki-srf06-cc26xx.a(rtimer.o)
                0x0000bffc                rtimer_init
 .text.rtimer_set
                0x0000c000       0x2c contiki-srf06-cc26xx.a(rtimer.o)
                0x0000c000                rtimer_set
 .text.rtimer_run_next
                0x0000c02c       0x28 contiki-srf06-cc26xx.a(rtimer.o)
                0x0000c02c                rtimer_run_next
 .text.timer_set
                0x0000c054       0x10 contiki-srf06-cc26xx.a(timer.o)
                0x0000c054                timer_set
 .text.timer_reset
                0x0000c064        0xc contiki-srf06-cc26xx.a(timer.o)
                0x0000c064                timer_reset
 .text.timer_restart
                0x0000c070        0xc contiki-srf06-cc26xx.a(timer.o)
                0x0000c070                timer_restart
 .text.timer_expired
                0x0000c07c       0x1c contiki-srf06-cc26xx.a(timer.o)
                0x0000c07c                timer_expired
 .text.process_thread_serial_line_process
                0x0000c098       0xac contiki-srf06-cc26xx.a(serial-line.o)
 .text.serial_line_input_byte
                0x0000c144       0x54 contiki-srf06-cc26xx.a(serial-line.o)
                0x0000c144                serial_line_input_byte
 .text.serial_line_init
                0x0000c198       0x24 contiki-srf06-cc26xx.a(serial-line.o)
                0x0000c198                serial_line_init
 .text.list_init
                0x0000c1bc        0x8 contiki-srf06-cc26xx.a(list.o)
                0x0000c1bc                list_init
 .text.list_head
                0x0000c1c4        0x4 contiki-srf06-cc26xx.a(list.o)
                0x0000c1c4                list_head
 .text.list_tail
                0x0000c1c8       0x14 contiki-srf06-cc26xx.a(list.o)
                0x0000c1c8                list_tail
 .text.list_add
                0x0000c1dc       0x48 contiki-srf06-cc26xx.a(list.o)
                0x0000c1dc                list_add
 .text.list_push
                0x0000c224       0x40 contiki-srf06-cc26xx.a(list.o)
                0x0000c224                list_push
 .text.list_remove
                0x0000c264       0x2c contiki-srf06-cc26xx.a(list.o)
                0x0000c264                list_remove
 .text.list_length
                0x0000c290       0x14 contiki-srf06-cc26xx.a(list.o)
                0x0000c290                list_length
 .text.list_item_next
                0x0000c2a4        0x8 contiki-srf06-cc26xx.a(list.o)
                0x0000c2a4                list_item_next
 .text.memb_init
                0x0000c2ac       0x24 contiki-srf06-cc26xx.a(memb.o)
                0x0000c2ac                memb_init
 .text.memb_alloc
                0x0000c2d0       0x3c contiki-srf06-cc26xx.a(memb.o)
                0x0000c2d0                memb_alloc
 .text.memb_free
                0x0000c30c       0x44 contiki-srf06-cc26xx.a(memb.o)
                0x0000c30c                memb_free
 .text.memb_inmemb
                0x0000c350       0x1c contiki-srf06-cc26xx.a(memb.o)
                0x0000c350                memb_inmemb
 .text.memb_numfree
                0x0000c36c       0x1c contiki-srf06-cc26xx.a(memb.o)
                0x0000c36c                memb_numfree
 .text.random_init
                0x0000c388        0x4 contiki-srf06-cc26xx.a(random.o)
                0x0000c388                random_init
 .text.random_rand
                0x0000c38c        0xc contiki-srf06-cc26xx.a(random.o)
                0x0000c38c                random_rand
 .text.ringbuf_init
                0x0000c398       0x10 contiki-srf06-cc26xx.a(ringbuf.o)
                0x0000c398                ringbuf_init
 .text.ringbuf_put
                0x0000c3a8       0x30 contiki-srf06-cc26xx.a(ringbuf.o)
                0x0000c3a8                ringbuf_put
 .text.ringbuf_get
                0x0000c3d8       0x28 contiki-srf06-cc26xx.a(ringbuf.o)
                0x0000c3d8                ringbuf_get
 .text.sicslowpan_init
                0x0000c400       0x24 contiki-srf06-cc26xx.a(sicslowpan.o)
                0x0000c400                sicslowpan_init
 .text.set_packet_attrs
                0x0000c424       0x4c contiki-srf06-cc26xx.a(sicslowpan.o)
 .text.compress_addr_64
                0x0000c470       0x9c contiki-srf06-cc26xx.a(sicslowpan.o)
 .text.addr_context_lookup_by_prefix
                0x0000c50c       0x28 contiki-srf06-cc26xx.a(sicslowpan.o)
 .text.send_packet
                0x0000c534       0x24 contiki-srf06-cc26xx.a(sicslowpan.o)
 .text.packet_sent
                0x0000c558       0x28 contiki-srf06-cc26xx.a(sicslowpan.o)
 .text.uncompress_addr
                0x0000c580       0xb8 contiki-srf06-cc26xx.a(sicslowpan.o)
 .text.input    0x0000c638      0x70c contiki-srf06-cc26xx.a(sicslowpan.o)
 .text.output   0x0000cd44      0x740 contiki-srf06-cc26xx.a(sicslowpan.o)
 .text.sicslowpan_get_last_rssi
                0x0000d484        0xc contiki-srf06-cc26xx.a(sicslowpan.o)
                0x0000d484                sicslowpan_get_last_rssi
 .text.chksum   0x0000d490       0x50 contiki-srf06-cc26xx.a(uip6.o)
 .text.upper_layer_chksum
                0x0000d4e0       0x58 contiki-srf06-cc26xx.a(uip6.o)
 .text.ext_hdr_options_process
                0x0000d538       0xc8 contiki-srf06-cc26xx.a(uip6.o)
 .text.uip_add32
                0x0000d600       0x58 contiki-srf06-cc26xx.a(uip6.o)
                0x0000d600                uip_add32
 .text.unlikely.uip_add_rcv_nxt
                0x0000d658       0x2c contiki-srf06-cc26xx.a(uip6.o)
 .text.uip_icmp6chksum
                0x0000d684        0x8 contiki-srf06-cc26xx.a(uip6.o)
                0x0000d684                uip_icmp6chksum
 .text.uip_init
                0x0000d68c       0x64 contiki-srf06-cc26xx.a(uip6.o)
                0x0000d68c                uip_init
 .text.uip_connect
                0x0000d6f0      0x134 contiki-srf06-cc26xx.a(uip6.o)
                0x0000d6f0                uip_connect
 .text.remove_ext_hdr
                0x0000d824       0x60 contiki-srf06-cc26xx.a(uip6.o)
                0x0000d824                remove_ext_hdr
 .text.uip_udp_new
                0x0000d884       0xd4 contiki-srf06-cc26xx.a(uip6.o)
                0x0000d884                uip_udp_new
 .text.uip_unlisten
                0x0000d958       0x44 contiki-srf06-cc26xx.a(uip6.o)
                0x0000d958                uip_unlisten
 .text.uip_listen
                0x0000d99c       0x3c contiki-srf06-cc26xx.a(uip6.o)
                0x0000d99c                uip_listen
 .text.uip_process
                0x0000d9d8     0x11a0 contiki-srf06-cc26xx.a(uip6.o)
                0x0000d9d8                uip_process
 .text.uip_htons
                0x0000eb78        0x8 contiki-srf06-cc26xx.a(uip6.o)
                0x0000eb78                uip_htons
 .text.uip_htonl
                0x0000eb80       0x14 contiki-srf06-cc26xx.a(uip6.o)
                0x0000eb80                uip_htonl
 .text.uip_send
                0x0000eb94       0x50 contiki-srf06-cc26xx.a(uip6.o)
                0x0000eb94                uip_send
 .text.uip_ds6_list_loop
                0x0000ebe4       0x60 contiki-srf06-cc26xx.a(uip-ds6.o)
                0x0000ebe4                uip_ds6_list_loop
 .text.uip_ds6_prefix_add
                0x0000ec44       0x6c contiki-srf06-cc26xx.a(uip-ds6.o)
                0x0000ec44                uip_ds6_prefix_add
 .text.uip_ds6_is_addr_onlink
                0x0000ecb0       0x3c contiki-srf06-cc26xx.a(uip-ds6.o)
                0x0000ecb0                uip_ds6_is_addr_onlink
 .text.uip_ds6_addr_lookup
                0x0000ecec       0x30 contiki-srf06-cc26xx.a(uip-ds6.o)
                0x0000ecec                uip_ds6_addr_lookup
 .text.uip_ds6_get_link_local
                0x0000ed1c       0x44 contiki-srf06-cc26xx.a(uip-ds6.o)
                0x0000ed1c                uip_ds6_get_link_local
 .text.uip_ds6_get_global
                0x0000ed60       0x44 contiki-srf06-cc26xx.a(uip-ds6.o)
                0x0000ed60                uip_ds6_get_global
 .text.uip_ds6_maddr_add
                0x0000eda4       0x50 contiki-srf06-cc26xx.a(uip-ds6.o)
                0x0000eda4                uip_ds6_maddr_add
 .text.uip_ds6_addr_add
                0x0000edf4       0xa8 contiki-srf06-cc26xx.a(uip-ds6.o)
                0x0000edf4                uip_ds6_addr_add
 .text.uip_ds6_maddr_lookup
                0x0000ee9c       0x30 contiki-srf06-cc26xx.a(uip-ds6.o)
                0x0000ee9c                uip_ds6_maddr_lookup
 .text.uip_ds6_addr_rm
                0x0000eecc       0x48 contiki-srf06-cc26xx.a(uip-ds6.o)
                0x0000eecc                uip_ds6_addr_rm
 .text.uip_ds6_periodic
                0x0000ef14       0x60 contiki-srf06-cc26xx.a(uip-ds6.o)
                0x0000ef14                uip_ds6_periodic
 .text.uip_ds6_select_src
                0x0000ef74       0xf4 contiki-srf06-cc26xx.a(uip-ds6.o)
                0x0000ef74                uip_ds6_select_src
 .text.uip_ds6_set_addr_iid
                0x0000f068       0x14 contiki-srf06-cc26xx.a(uip-ds6.o)
                0x0000f068                uip_ds6_set_addr_iid
 .text.uip_ds6_compute_reachable_time
                0x0000f07c       0x28 contiki-srf06-cc26xx.a(uip-ds6.o)
                0x0000f07c                uip_ds6_compute_reachable_time
 .text.uip_ds6_init
                0x0000f0a4       0xf8 contiki-srf06-cc26xx.a(uip-ds6.o)
                0x0000f0a4                uip_ds6_init
 .text.uip_ds6_nbr_rm
                0x0000f19c       0x20 contiki-srf06-cc26xx.a(uip-ds6-nbr.o)
                0x0000f19c                uip_ds6_nbr_rm
 .text.uip_ds6_neighbors_init
                0x0000f1bc       0x14 contiki-srf06-cc26xx.a(uip-ds6-nbr.o)
                0x0000f1bc                uip_ds6_neighbors_init
 .text.uip_ds6_nbr_add
                0x0000f1d0       0x54 contiki-srf06-cc26xx.a(uip-ds6-nbr.o)
                0x0000f1d0                uip_ds6_nbr_add
 .text.uip_ds6_nbr_get_ll
                0x0000f224       0x10 contiki-srf06-cc26xx.a(uip-ds6-nbr.o)
                0x0000f224                uip_ds6_nbr_get_ll
 .text.uip_ds6_nbr_lookup
                0x0000f234       0x3c contiki-srf06-cc26xx.a(uip-ds6-nbr.o)
                0x0000f234                uip_ds6_nbr_lookup
 .text.uip_ds6_nbr_ipaddr_from_lladdr
                0x0000f270       0x10 contiki-srf06-cc26xx.a(uip-ds6-nbr.o)
                0x0000f270                uip_ds6_nbr_ipaddr_from_lladdr
 .text.uip_ds6_nbr_lladdr_from_ipaddr
                0x0000f280       0x1c contiki-srf06-cc26xx.a(uip-ds6-nbr.o)
                0x0000f280                uip_ds6_nbr_lladdr_from_ipaddr
 .text.uip_ds6_link_neighbor_callback
                0x0000f29c       0x2c contiki-srf06-cc26xx.a(uip-ds6-nbr.o)
                0x0000f29c                uip_ds6_link_neighbor_callback
 .text.uip_ds6_neighbor_periodic
                0x0000f2c8       0x70 contiki-srf06-cc26xx.a(uip-ds6-nbr.o)
                0x0000f2c8                uip_ds6_neighbor_periodic
 .text.call_route_callback
                0x0000f338       0x50 contiki-srf06-cc26xx.a(uip-ds6-route.o)
 .text.uip_ds6_route_init
                0x0000f388       0x48 contiki-srf06-cc26xx.a(uip-ds6-route.o)
                0x0000f388                uip_ds6_route_init
 .text.uip_ds6_route_nexthop
                0x0000f3d0       0x1c contiki-srf06-cc26xx.a(uip-ds6-route.o)
                0x0000f3d0                uip_ds6_route_nexthop
 .text.uip_ds6_route_head
                0x0000f3ec        0xc contiki-srf06-cc26xx.a(uip-ds6-route.o)
                0x0000f3ec                uip_ds6_route_head
 .text.uip_ds6_route_next
                0x0000f3f8        0x8 contiki-srf06-cc26xx.a(uip-ds6-route.o)
                0x0000f3f8                uip_ds6_route_next
 .text.uip_ds6_route_lookup
                0x0000f400       0x78 contiki-srf06-cc26xx.a(uip-ds6-route.o)
                0x0000f400                uip_ds6_route_lookup
 .text.uip_ds6_route_rm
                0x0000f478       0xa8 contiki-srf06-cc26xx.a(uip-ds6-route.o)
                0x0000f478                uip_ds6_route_rm
 .text.rm_routelist
                0x0000f520       0x34 contiki-srf06-cc26xx.a(uip-ds6-route.o)
 .text.rm_routelist_callback
                0x0000f554        0x4 contiki-srf06-cc26xx.a(uip-ds6-route.o)
 .text.uip_ds6_route_add
                0x0000f558      0x128 contiki-srf06-cc26xx.a(uip-ds6-route.o)
                0x0000f558                uip_ds6_route_add
 .text.uip_ds6_defrt_rm
                0x0000f680       0x48 contiki-srf06-cc26xx.a(uip-ds6-route.o)
                0x0000f680                uip_ds6_defrt_rm
 .text.uip_ds6_defrt_lookup
                0x0000f6c8       0x34 contiki-srf06-cc26xx.a(uip-ds6-route.o)
                0x0000f6c8                uip_ds6_defrt_lookup
 .text.uip_ds6_defrt_add
                0x0000f6fc       0x5c contiki-srf06-cc26xx.a(uip-ds6-route.o)
                0x0000f6fc                uip_ds6_defrt_add
 .text.uip_ds6_defrt_choose
                0x0000f758       0x34 contiki-srf06-cc26xx.a(uip-ds6-route.o)
                0x0000f758                uip_ds6_defrt_choose
 .text.uip_ds6_defrt_periodic
                0x0000f78c       0x3c contiki-srf06-cc26xx.a(uip-ds6-route.o)
                0x0000f78c                uip_ds6_defrt_periodic
 .text.echo_reply_input
                0x0000f7c8      0x110 contiki-srf06-cc26xx.a(uip-icmp6.o)
 .text.echo_request_input
                0x0000f8d8      0x118 contiki-srf06-cc26xx.a(uip-icmp6.o)
 .text.uip_icmp6_input
                0x0000f9f0       0x3c contiki-srf06-cc26xx.a(uip-icmp6.o)
                0x0000f9f0                uip_icmp6_input
 .text.uip_icmp6_register_input_handler
                0x0000fa2c        0xc contiki-srf06-cc26xx.a(uip-icmp6.o)
                0x0000fa2c                uip_icmp6_register_input_handler
 .text.uip_icmp6_error_output
                0x0000fa38      0x158 contiki-srf06-cc26xx.a(uip-icmp6.o)
                0x0000fa38                uip_icmp6_error_output
 .text.uip_icmp6_send
                0x0000fb90       0x84 contiki-srf06-cc26xx.a(uip-icmp6.o)
                0x0000fb90                uip_icmp6_send
 .text.uip_icmp6_echo_reply_callback_add
                0x0000fc14       0x14 contiki-srf06-cc26xx.a(uip-icmp6.o)
                0x0000fc14                uip_icmp6_echo_reply_callback_add
 .text.uip_icmp6_init
                0x0000fc28       0x24 contiki-srf06-cc26xx.a(uip-icmp6.o)
                0x0000fc28                uip_icmp6_init
 .text.uip_nd6_init
                0x0000fc4c        0x4 contiki-srf06-cc26xx.a(uip-nd6.o)
                0x0000fc4c                uip_nd6_init
 .text.psock_send
                0x0000fc50       0xa4 contiki-srf06-cc26xx.a(psock.o)
                0x0000fc50                psock_send
 .text.psock_datalen
                0x0000fcf4        0xc contiki-srf06-cc26xx.a(psock.o)
                0x0000fcf4                psock_datalen
 .text.psock_readto
                0x0000fd00       0xbc contiki-srf06-cc26xx.a(psock.o)
                0x0000fd00                psock_readto
 .text.psock_readbuf_len
                0x0000fdbc       0xf4 contiki-srf06-cc26xx.a(psock.o)
                0x0000fdbc                psock_readbuf_len
 .text.psock_init
                0x0000feb0       0x18 contiki-srf06-cc26xx.a(psock.o)
                0x0000feb0                psock_init
 .text.start_periodic_tcp_timer
                0x0000fec8       0x1c contiki-srf06-cc26xx.a(tcpip.o)
 .text.tcpip_set_outputfunc
                0x0000fee4        0xc contiki-srf06-cc26xx.a(tcpip.o)
                0x0000fee4                tcpip_set_outputfunc
 .text.tcp_connect
                0x0000fef0       0x2c contiki-srf06-cc26xx.a(tcpip.o)
                0x0000fef0                tcp_connect
 .text.tcp_unlisten
                0x0000ff1c       0x44 contiki-srf06-cc26xx.a(tcpip.o)
                0x0000ff1c                tcp_unlisten
 .text.tcp_listen
                0x0000ff60       0x50 contiki-srf06-cc26xx.a(tcpip.o)
                0x0000ff60                tcp_listen
 .text.tcp_attach
                0x0000ffb0       0x10 contiki-srf06-cc26xx.a(tcpip.o)
                0x0000ffb0                tcp_attach
 .text.udp_new  0x0000ffc0       0x18 contiki-srf06-cc26xx.a(tcpip.o)
                0x0000ffc0                udp_new
 .text.tcpip_icmp6_call
                0x0000ffd8       0x28 contiki-srf06-cc26xx.a(tcpip.o)
                0x0000ffd8                tcpip_icmp6_call
 .text.tcpip_input
                0x00010000       0x24 contiki-srf06-cc26xx.a(tcpip.o)
                0x00010000                tcpip_input
 .text.tcpip_ipv6_output
                0x00010024       0xc8 contiki-srf06-cc26xx.a(tcpip.o)
                0x00010024                tcpip_ipv6_output
 .text.process_thread_tcpip_process
                0x000100ec      0x208 contiki-srf06-cc26xx.a(tcpip.o)
 .text.tcpip_uipcall
                0x000102f4       0x90 contiki-srf06-cc26xx.a(tcpip.o)
                0x000102f4                tcpip_uipcall
 .text.newdata  0x00010384       0x54 contiki-srf06-cc26xx.a(tcp-socket.o)
 .text.senddata
                0x000103d8       0x34 contiki-srf06-cc26xx.a(tcp-socket.o)
 .text.process_thread_tcp_socket_process
                0x0001040c      0x2b0 contiki-srf06-cc26xx.a(tcp-socket.o)
 .text.tcp_socket_register
                0x000106bc       0x70 contiki-srf06-cc26xx.a(tcp-socket.o)
                0x000106bc                tcp_socket_register
 .text.tcp_socket_connect
                0x0001072c       0x4c contiki-srf06-cc26xx.a(tcp-socket.o)
                0x0001072c                tcp_socket_connect
 .text.tcp_socket_unlisten
                0x00010778       0x3c contiki-srf06-cc26xx.a(tcp-socket.o)
                0x00010778                tcp_socket_unlisten
 .text.tcp_socket_send
                0x000107b4       0x38 contiki-srf06-cc26xx.a(tcp-socket.o)
                0x000107b4                tcp_socket_send
 .text.tcp_socket_close
                0x000107ec       0x1c contiki-srf06-cc26xx.a(tcp-socket.o)
                0x000107ec                tcp_socket_close
 .text.tcp_socket_unregister
                0x00010808       0x2c contiki-srf06-cc26xx.a(tcp-socket.o)
                0x00010808                tcp_socket_unregister
 .text.uip_debug_ipaddr_print
                0x00010834       0xb0 contiki-srf06-cc26xx.a(uip-debug.o)
                0x00010834                uip_debug_ipaddr_print
 .text.uiplib_ip6addrconv
                0x000108e4       0xd8 contiki-srf06-cc26xx.a(uiplib.o)
                0x000108e4                uiplib_ip6addrconv
 .text.uip_udp_packet_send
                0x000109bc       0x44 contiki-srf06-cc26xx.a(uip-udp-packet.)
                0x000109bc                uip_udp_packet_send
 .text.uip_udp_packet_sendto
                0x00010a00       0x48 contiki-srf06-cc26xx.a(uip-udp-packet.)
                0x00010a00                uip_udp_packet_sendto
 .text.rpl_get_mode
                0x00010a48        0xc contiki-srf06-cc26xx.a(rpl.o)
                0x00010a48                rpl_get_mode
 .text.rpl_purge_routes
                0x00010a54       0x7c contiki-srf06-cc26xx.a(rpl.o)
                0x00010a54                rpl_purge_routes
 .text.rpl_remove_routes
                0x00010ad0       0x24 contiki-srf06-cc26xx.a(rpl.o)
                0x00010ad0                rpl_remove_routes
 .text.rpl_remove_routes_by_nexthop
                0x00010af4       0x40 contiki-srf06-cc26xx.a(rpl.o)
                0x00010af4                rpl_remove_routes_by_nexthop
 .text.rpl_add_route
                0x00010b34       0x2c contiki-srf06-cc26xx.a(rpl.o)
                0x00010b34                rpl_add_route
 .text.rpl_link_neighbor_callback
                0x00010b60       0x78 contiki-srf06-cc26xx.a(rpl.o)
                0x00010b60                rpl_link_neighbor_callback
 .text.rpl_ipv6_neighbor_callback
                0x00010bd8       0x30 contiki-srf06-cc26xx.a(rpl.o)
                0x00010bd8                rpl_ipv6_neighbor_callback
 .text.rpl_purge_dags
                0x00010c08       0x40 contiki-srf06-cc26xx.a(rpl.o)
                0x00010c08                rpl_purge_dags
 .text.rpl_init
                0x00010c48       0x58 contiki-srf06-cc26xx.a(rpl.o)
                0x00010c48                rpl_init
 .text.lollipop_greater_than
                0x00010ca0       0x3c contiki-srf06-cc26xx.a(rpl-dag.o)
 .text.rpl_set_preferred_parent
                0x00010cdc       0x2c contiki-srf06-cc26xx.a(rpl-dag.o)
 .text.set_ip_from_prefix
                0x00010d08       0x2c contiki-srf06-cc26xx.a(rpl-dag.o)
 .text.check_prefix
                0x00010d34       0x78 contiki-srf06-cc26xx.a(rpl-dag.o)
 .text.find_parent_any_dag_any_instance
                0x00010dac       0x1c contiki-srf06-cc26xx.a(rpl-dag.o)
 .text.rpl_get_nbr
                0x00010dc8       0x28 contiki-srf06-cc26xx.a(rpl-dag.o)
                0x00010dc8                rpl_get_nbr
 .text.rpl_dag_init
                0x00010df0       0x14 contiki-srf06-cc26xx.a(rpl-dag.o)
                0x00010df0                rpl_dag_init
 .text.rpl_get_parent
                0x00010e04       0x10 contiki-srf06-cc26xx.a(rpl-dag.o)
                0x00010e04                rpl_get_parent
 .text.rpl_get_parent_ipaddr
                0x00010e14       0x18 contiki-srf06-cc26xx.a(rpl-dag.o)
                0x00010e14                rpl_get_parent_ipaddr
 .text.rpl_repair_root
                0x00010e2c       0x5c contiki-srf06-cc26xx.a(rpl-dag.o)
                0x00010e2c                rpl_repair_root
 .text.rpl_set_prefix
                0x00010e88       0x98 contiki-srf06-cc26xx.a(rpl-dag.o)
                0x00010e88                rpl_set_prefix
 .text.rpl_set_default_route
                0x00010f20       0x3c contiki-srf06-cc26xx.a(rpl-dag.o)
                0x00010f20                rpl_set_default_route
 .text.rpl_alloc_instance
                0x00010f5c       0x34 contiki-srf06-cc26xx.a(rpl-dag.o)
                0x00010f5c                rpl_alloc_instance
 .text.rpl_alloc_dag
                0x00010f90       0x5c contiki-srf06-cc26xx.a(rpl-dag.o)
                0x00010f90                rpl_alloc_dag
 .text.rpl_add_parent
                0x00010fec       0x44 contiki-srf06-cc26xx.a(rpl-dag.o)
                0x00010fec                rpl_add_parent
 .text.rpl_find_parent
                0x00011030       0x18 contiki-srf06-cc26xx.a(rpl-dag.o)
                0x00011030                rpl_find_parent
 .text.rpl_find_parent_any_dag
                0x00011048       0x20 contiki-srf06-cc26xx.a(rpl-dag.o)
                0x00011048                rpl_find_parent_any_dag
 .text.rpl_select_parent
                0x00011068       0x84 contiki-srf06-cc26xx.a(rpl-dag.o)
                0x00011068                rpl_select_parent
 .text.rpl_select_dag
                0x000110ec      0x17c contiki-srf06-cc26xx.a(rpl-dag.o)
                0x000110ec                rpl_select_dag
 .text.rpl_nullify_parent
                0x00011268       0x4c contiki-srf06-cc26xx.a(rpl-dag.o)
                0x00011268                rpl_nullify_parent
 .text.rpl_remove_parent
                0x000112b4       0x1c contiki-srf06-cc26xx.a(rpl-dag.o)
                0x000112b4                rpl_remove_parent
 .text.nbr_callback
                0x000112d0        0x4 contiki-srf06-cc26xx.a(rpl-dag.o)
 .text.remove_parents.constprop.5
                0x000112d4       0x44 contiki-srf06-cc26xx.a(rpl-dag.o)
 .text.rpl_free_dag
                0x00011318       0x38 contiki-srf06-cc26xx.a(rpl-dag.o)
                0x00011318                rpl_free_dag
 .text.rpl_move_parent
                0x00011350       0x4c contiki-srf06-cc26xx.a(rpl-dag.o)
                0x00011350                rpl_move_parent
 .text.rpl_get_any_dag
                0x0001139c       0x18 contiki-srf06-cc26xx.a(rpl-dag.o)
                0x0001139c                rpl_get_any_dag
 .text.rpl_get_instance
                0x000113b4       0x20 contiki-srf06-cc26xx.a(rpl-dag.o)
                0x000113b4                rpl_get_instance
 .text.rpl_join_instance
                0x000113d4      0x144 contiki-srf06-cc26xx.a(rpl-dag.o)
                0x000113d4                rpl_join_instance
 .text.rpl_local_repair
                0x00011518       0x68 contiki-srf06-cc26xx.a(rpl-dag.o)
                0x00011518                rpl_local_repair
 .text.rpl_process_parent_event
                0x00011580       0x60 contiki-srf06-cc26xx.a(rpl-dag.o)
                0x00011580                rpl_process_parent_event
 .text.rpl_add_dag
                0x000115e0      0x14c contiki-srf06-cc26xx.a(rpl-dag.o)
                0x000115e0                rpl_add_dag
 .text.rpl_recalculate_ranks
                0x0001172c       0x50 contiki-srf06-cc26xx.a(rpl-dag.o)
                0x0001172c                rpl_recalculate_ranks
 .text.rpl_process_dio
                0x0001177c      0x30c contiki-srf06-cc26xx.a(rpl-dag.o)
                0x0001177c                rpl_process_dio
 .text.rpl_verify_header
                0x00011a88       0xa0 contiki-srf06-cc26xx.a(rpl-ext-header.)
                0x00011a88                rpl_verify_header
 .text.rpl_update_header_empty
                0x00011b28      0x12c contiki-srf06-cc26xx.a(rpl-ext-header.)
                0x00011b28                rpl_update_header_empty
 .text.rpl_update_header_final
                0x00011c54       0x88 contiki-srf06-cc26xx.a(rpl-ext-header.)
                0x00011c54                rpl_update_header_final
 .text.rpl_invert_header
                0x00011cdc       0x68 contiki-srf06-cc26xx.a(rpl-ext-header.)
                0x00011cdc                rpl_invert_header
 .text.rpl_insert_header
                0x00011d44       0x1c contiki-srf06-cc26xx.a(rpl-ext-header.)
                0x00011d44                rpl_insert_header
 .text.get32    0x00011d60       0x20 contiki-srf06-cc26xx.a(rpl-icmp6.o)
 .text.dao_ack_input
                0x00011d80       0x14 contiki-srf06-cc26xx.a(rpl-icmp6.o)
 .text.dio_input
                0x00011d94      0x2b8 contiki-srf06-cc26xx.a(rpl-icmp6.o)
 .text.dis_output
                0x0001204c       0x58 contiki-srf06-cc26xx.a(rpl-icmp6.o)
                0x0001204c                dis_output
 .text.dio_output
                0x000120a4      0x2dc contiki-srf06-cc26xx.a(rpl-icmp6.o)
                0x000120a4                dio_output
 .text.dis_input
                0x00012380       0x40 contiki-srf06-cc26xx.a(rpl-icmp6.o)
 .text.dao_output_target
                0x000123c0      0x104 contiki-srf06-cc26xx.a(rpl-icmp6.o)
                0x000123c0                dao_output_target
 .text.dao_output
                0x000124c4       0x58 contiki-srf06-cc26xx.a(rpl-icmp6.o)
                0x000124c4                dao_output
 .text.dao_ack_output
                0x0001251c       0x30 contiki-srf06-cc26xx.a(rpl-icmp6.o)
                0x0001251c                dao_ack_output
 .text.dao_input
                0x0001254c      0x218 contiki-srf06-cc26xx.a(rpl-icmp6.o)
 .text.rpl_icmp6_register_handlers
                0x00012764       0x30 contiki-srf06-cc26xx.a(rpl-icmp6.o)
                0x00012764                rpl_icmp6_register_handlers
 .text.reset    0x00012794        0x4 contiki-srf06-cc26xx.a(rpl-mrhof.o)
 .text.update_metric_container
                0x00012798        0x8 contiki-srf06-cc26xx.a(rpl-mrhof.o)
 .text.calculate_rank
                0x000127a0       0x44 contiki-srf06-cc26xx.a(rpl-mrhof.o)
 .text.neighbor_link_callback
                0x000127e4       0x54 contiki-srf06-cc26xx.a(rpl-mrhof.o)
 .text.best_dag
                0x00012838       0x2c contiki-srf06-cc26xx.a(rpl-mrhof.o)
 .text.best_parent
                0x00012864       0x60 contiki-srf06-cc26xx.a(rpl-mrhof.o)
 .text.new_dio_interval
                0x000128c4       0x60 contiki-srf06-cc26xx.a(rpl-timers.o)
 .text.handle_periodic_timer
                0x00012924       0x3c contiki-srf06-cc26xx.a(rpl-timers.o)
 .text.set_dao_lifetime_timer
                0x00012960       0x3c contiki-srf06-cc26xx.a(rpl-timers.o)
 .text.handle_dio_timer
                0x0001299c       0x8c contiki-srf06-cc26xx.a(rpl-timers.o)
 .text.schedule_dao
                0x00012a28       0x54 contiki-srf06-cc26xx.a(rpl-timers.o)
 .text.handle_dao_timer
                0x00012a7c       0x5c contiki-srf06-cc26xx.a(rpl-timers.o)
 .text.rpl_reset_periodic_timer
                0x00012ad8       0x3c contiki-srf06-cc26xx.a(rpl-timers.o)
                0x00012ad8                rpl_reset_periodic_timer
 .text.rpl_reset_dio_timer
                0x00012b14       0x1c contiki-srf06-cc26xx.a(rpl-timers.o)
                0x00012b14                rpl_reset_dio_timer
 .text.rpl_schedule_dao
                0x00012b30        0x8 contiki-srf06-cc26xx.a(rpl-timers.o)
                0x00012b30                rpl_schedule_dao
 .text.rpl_schedule_probing
                0x00012b38       0x38 contiki-srf06-cc26xx.a(rpl-timers.o)
                0x00012b38                rpl_schedule_probing
 .text.handle_probing_timer
                0x00012b70       0xe4 contiki-srf06-cc26xx.a(rpl-timers.o)
 .text.AONBatMonTemperatureGetDegC
                0x00012c54       0x30 contiki-srf06-cc26xx.a(aon_batmon.o)
                0x00012c54                AONBatMonTemperatureGetDegC
 .text.NOROM_AONRTCCurrentCompareValueGet
                0x00012c84       0x24 contiki-srf06-cc26xx.a(aon_rtc.o)
                0x00012c84                NOROM_AONRTCCurrentCompareValueGet
 .text.ChipInfo_GetSupportedProtocol_BV
                0x00012ca8       0x10 contiki-srf06-cc26xx.a(chipinfo.o)
                0x00012ca8                ChipInfo_GetSupportedProtocol_BV
 .text.ChipInfo_GetChipFamily
                0x00012cb8       0x38 contiki-srf06-cc26xx.a(chipinfo.o)
                0x00012cb8                ChipInfo_GetChipFamily
 .text.ChipInfo_GetHwRevision
                0x00012cf0       0x98 contiki-srf06-cc26xx.a(chipinfo.o)
                0x00012cf0                ChipInfo_GetHwRevision
 .text.ThisCodeIsBuiltForCC26xxHwRev22AndLater_HaltIfViolated
                0x00012d88       0x2c contiki-srf06-cc26xx.a(chipinfo.o)
                0x00012d88                ThisCodeIsBuiltForCC26xxHwRev22AndLater_HaltIfViolated
 .text.NOROM_CPUcpsid
                0x00012db4        0x8 contiki-srf06-cc26xx.a(cpu.o)
                0x00012db4                NOROM_CPUcpsid
 .text.NOROM_CPUcpsie
                0x00012dbc        0x8 contiki-srf06-cc26xx.a(cpu.o)
                0x00012dbc                NOROM_CPUcpsie
 .text.NOROM_CPUdelay
                0x00012dc4        0x8 contiki-srf06-cc26xx.a(cpu.o)
                0x00012dc4                NOROM_CPUdelay
 .text.NOROM_DDI16BitfieldWrite
                0x00012dcc       0x4c contiki-srf06-cc26xx.a(ddi.o)
                0x00012dcc                NOROM_DDI16BitfieldWrite
 .text.NOROM_DDI16BitfieldRead
                0x00012e18       0x48 contiki-srf06-cc26xx.a(ddi.o)
                0x00012e18                NOROM_DDI16BitfieldRead
 .text.NOROM_OSCClockSourceSet
                0x00012e60       0x50 contiki-srf06-cc26xx.a(osc.o)
                0x00012e60                NOROM_OSCClockSourceSet
 .text.NOROM_OSCClockSourceGet
                0x00012eb0       0x24 contiki-srf06-cc26xx.a(osc.o)
                0x00012eb0                NOROM_OSCClockSourceGet
 .text.NOROM_OSCInterfaceEnable
                0x00012ed4       0x34 contiki-srf06-cc26xx.a(osc.o)
                0x00012ed4                NOROM_OSCInterfaceEnable
 .text.NOROM_PowerCtrlSourceSet
                0x00012f08       0x30 contiki-srf06-cc26xx.a(pwr_ctrl.o)
                0x00012f08                NOROM_PowerCtrlSourceSet
 .text.HapiTrimDeviceShutDown
                0x00012f38      0x4f4 contiki-srf06-cc26xx.a(setup.o)
 .text.trimDevice
                0x0001342c       0xfc contiki-srf06-cc26xx.a(setup.o)
                0x0001342c                trimDevice
 .text.SysCtrlSetRechargeBeforePowerDown
                0x00013528      0x1e8 contiki-srf06-cc26xx.a(sys_ctrl.o)
                0x00013528                SysCtrlSetRechargeBeforePowerDown
 .text.SysCtrlAdjustRechargeAfterPowerDown
                0x00013710       0x64 contiki-srf06-cc26xx.a(sys_ctrl.o)
                0x00013710                SysCtrlAdjustRechargeAfterPowerDown
 .text.SysCtrl_DCDC_VoltageConditionalControl
                0x00013774       0x78 contiki-srf06-cc26xx.a(sys_ctrl.o)
                0x00013774                SysCtrl_DCDC_VoltageConditionalControl
 .text.linkaddr_copy
                0x000137ec        0xc contiki-srf06-cc26xx.a(linkaddr.o)
                0x000137ec                linkaddr_copy
 .text.linkaddr_cmp
                0x000137f8       0x10 contiki-srf06-cc26xx.a(linkaddr.o)
                0x000137f8                linkaddr_cmp
 .text.nbr_set_bit
                0x00013808       0x4c contiki-srf06-cc26xx.a(nbr-table.o)
 .text.index_from_lladdr
                0x00013854       0x50 contiki-srf06-cc26xx.a(nbr-table.o)
 .text.nbr_get_bit.constprop.0
                0x000138a4       0x2c contiki-srf06-cc26xx.a(nbr-table.o)
 .text.nbr_table_register
                0x000138d0       0x2c contiki-srf06-cc26xx.a(nbr-table.o)
                0x000138d0                nbr_table_register
 .text.nbr_table_next
                0x000138fc       0x70 contiki-srf06-cc26xx.a(nbr-table.o)
                0x000138fc                nbr_table_next
 .text.nbr_table_head
                0x0001396c       0x58 contiki-srf06-cc26xx.a(nbr-table.o)
                0x0001396c                nbr_table_head
 .text.nbr_table_add_lladdr
                0x000139c4      0x190 contiki-srf06-cc26xx.a(nbr-table.o)
                0x000139c4                nbr_table_add_lladdr
 .text.nbr_table_get_from_lladdr
                0x00013b54       0x34 contiki-srf06-cc26xx.a(nbr-table.o)
                0x00013b54                nbr_table_get_from_lladdr
 .text.nbr_table_remove
                0x00013b88       0x2c contiki-srf06-cc26xx.a(nbr-table.o)
                0x00013b88                nbr_table_remove
 .text.nbr_table_lock
                0x00013bb4       0x14 contiki-srf06-cc26xx.a(nbr-table.o)
                0x00013bb4                nbr_table_lock
 .text.nbr_table_unlock
                0x00013bc8       0x14 contiki-srf06-cc26xx.a(nbr-table.o)
                0x00013bc8                nbr_table_unlock
 .text.nbr_table_get_lladdr
                0x00013bdc       0x30 contiki-srf06-cc26xx.a(nbr-table.o)
                0x00013bdc                nbr_table_get_lladdr
 .text.netstack_init
                0x00013c0c       0x30 contiki-srf06-cc26xx.a(netstack.o)
                0x00013c0c                netstack_init
 .text.packetbuf_copyto
                0x00013c3c       0x50 contiki-srf06-cc26xx.a(packetbuf.o)
                0x00013c3c                packetbuf_copyto
 .text.packetbuf_hdralloc
                0x00013c8c       0x48 contiki-srf06-cc26xx.a(packetbuf.o)
                0x00013c8c                packetbuf_hdralloc
 .text.packetbuf_hdrreduce
                0x00013cd4       0x2c contiki-srf06-cc26xx.a(packetbuf.o)
                0x00013cd4                packetbuf_hdrreduce
 .text.packetbuf_set_datalen
                0x00013d00        0xc contiki-srf06-cc26xx.a(packetbuf.o)
                0x00013d00                packetbuf_set_datalen
 .text.packetbuf_dataptr
                0x00013d0c       0x14 contiki-srf06-cc26xx.a(packetbuf.o)
                0x00013d0c                packetbuf_dataptr
 .text.packetbuf_hdrptr
                0x00013d20       0x14 contiki-srf06-cc26xx.a(packetbuf.o)
                0x00013d20                packetbuf_hdrptr
 .text.packetbuf_datalen
                0x00013d34        0xc contiki-srf06-cc26xx.a(packetbuf.o)
                0x00013d34                packetbuf_datalen
 .text.packetbuf_totlen
                0x00013d40       0x28 contiki-srf06-cc26xx.a(packetbuf.o)
                0x00013d40                packetbuf_totlen
 .text.packetbuf_attr_clear
                0x00013d68       0x38 contiki-srf06-cc26xx.a(packetbuf.o)
                0x00013d68                packetbuf_attr_clear
 .text.packetbuf_clear
                0x00013da0       0x34 contiki-srf06-cc26xx.a(packetbuf.o)
                0x00013da0                packetbuf_clear
 .text.packetbuf_copyfrom
                0x00013dd4       0x2c contiki-srf06-cc26xx.a(packetbuf.o)
                0x00013dd4                packetbuf_copyfrom
 .text.packetbuf_attr_copyto
                0x00013e00       0x44 contiki-srf06-cc26xx.a(packetbuf.o)
                0x00013e00                packetbuf_attr_copyto
 .text.packetbuf_attr_copyfrom
                0x00013e44       0x44 contiki-srf06-cc26xx.a(packetbuf.o)
                0x00013e44                packetbuf_attr_copyfrom
 .text.packetbuf_set_attr
                0x00013e88       0x10 contiki-srf06-cc26xx.a(packetbuf.o)
                0x00013e88                packetbuf_set_attr
 .text.packetbuf_attr
                0x00013e98        0xc contiki-srf06-cc26xx.a(packetbuf.o)
                0x00013e98                packetbuf_attr
 .text.packetbuf_set_addr
                0x00013ea4       0x18 contiki-srf06-cc26xx.a(packetbuf.o)
                0x00013ea4                packetbuf_set_addr
 .text.packetbuf_addr
                0x00013ebc       0x10 contiki-srf06-cc26xx.a(packetbuf.o)
                0x00013ebc                packetbuf_addr
 .text.packetbuf_holds_broadcast
                0x00013ecc       0x10 contiki-srf06-cc26xx.a(packetbuf.o)
                0x00013ecc                packetbuf_holds_broadcast
 .text.queuebuf_init
                0x00013edc       0x1c contiki-srf06-cc26xx.a(queuebuf.o)
                0x00013edc                queuebuf_init
 .text.queuebuf_numfree
                0x00013ef8        0xc contiki-srf06-cc26xx.a(queuebuf.o)
                0x00013ef8                queuebuf_numfree
 .text.queuebuf_new_from_packetbuf
                0x00013f04       0x48 contiki-srf06-cc26xx.a(queuebuf.o)
                0x00013f04                queuebuf_new_from_packetbuf
 .text.queuebuf_update_attr_from_packetbuf
                0x00013f4c        0xc contiki-srf06-cc26xx.a(queuebuf.o)
                0x00013f4c                queuebuf_update_attr_from_packetbuf
 .text.queuebuf_update_from_packetbuf
                0x00013f58       0x1c contiki-srf06-cc26xx.a(queuebuf.o)
                0x00013f58                queuebuf_update_from_packetbuf
 .text.queuebuf_free
                0x00013f74       0x2c contiki-srf06-cc26xx.a(queuebuf.o)
                0x00013f74                queuebuf_free
 .text.queuebuf_to_packetbuf
                0x00013fa0       0x30 contiki-srf06-cc26xx.a(queuebuf.o)
                0x00013fa0                queuebuf_to_packetbuf
 .text.queuebuf_attr
                0x00013fd0        0xc contiki-srf06-cc26xx.a(queuebuf.o)
                0x00013fd0                queuebuf_attr
 .text.input_packet
                0x00013fdc        0xc contiki-srf06-cc26xx.a(csma.o)
 .text.on       0x00013fe8        0xc contiki-srf06-cc26xx.a(csma.o)
 .text.off      0x00013ff4        0xc contiki-srf06-cc26xx.a(csma.o)
 .text.channel_check_interval
                0x00014000       0x10 contiki-srf06-cc26xx.a(csma.o)
 .text.transmit_packet_list
                0x00014010       0x34 contiki-srf06-cc26xx.a(csma.o)
 .text.free_packet
                0x00014044       0x98 contiki-srf06-cc26xx.a(csma.o)
 .text.packet_sent
                0x000140dc      0x100 contiki-srf06-cc26xx.a(csma.o)
 .text.send_packet
                0x000141dc      0x164 contiki-srf06-cc26xx.a(csma.o)
 .text.init     0x00014340       0x24 contiki-srf06-cc26xx.a(csma.o)
 .text.parse    0x00014364       0x94 contiki-srf06-cc26xx.a(framer-802154.o)
 .text.create_frame.isra.0
                0x000143f8      0x128 contiki-srf06-cc26xx.a(framer-802154.o)
 .text.create   0x00014520        0x8 contiki-srf06-cc26xx.a(framer-802154.o)
 .text.hdr_length
                0x00014528        0x8 contiki-srf06-cc26xx.a(framer-802154.o)
 .text.mac_call_sent_callback
                0x00014530       0x10 contiki-srf06-cc26xx.a(mac.o)
                0x00014530                mac_call_sent_callback
 .text.duty_cycle
                0x00014540        0x4 contiki-srf06-cc26xx.a(contikimac.o)
 .text.init     0x00014544       0x40 contiki-srf06-cc26xx.a(contikimac.o)
 .text.on       0x00014584       0x2c contiki-srf06-cc26xx.a(contikimac.o)
 .text.off      0x000145b0       0x38 contiki-srf06-cc26xx.a(contikimac.o)
 .text.recv_burst_off
                0x000145e8       0x14 contiki-srf06-cc26xx.a(contikimac.o)
 .text.powercycle_turn_radio_off.part.2
                0x000145fc       0x10 contiki-srf06-cc26xx.a(contikimac.o)
 .text.turn_off
                0x0001460c       0x48 contiki-srf06-cc26xx.a(contikimac.o)
 .text.turn_on  0x00014654       0x40 contiki-srf06-cc26xx.a(contikimac.o)
 .text.schedule_powercycle_fixed.part.5
                0x00014694       0x34 contiki-srf06-cc26xx.a(contikimac.o)
 .text.input_packet
                0x000146c8       0xac contiki-srf06-cc26xx.a(contikimac.o)
 .text.send_packet.isra.7
                0x00014774      0x228 contiki-srf06-cc26xx.a(contikimac.o)
 .text.qsend_list
                0x0001499c       0xe0 contiki-srf06-cc26xx.a(contikimac.o)
 .text.qsend_packet
                0x00014a7c       0x24 contiki-srf06-cc26xx.a(contikimac.o)
 .text.powercycle
                0x00014aa0      0x24c contiki-srf06-cc26xx.a(contikimac.o)
 .text.init     0x00014cec        0x4 contiki-srf06-cc26xx.a(nullsec.o)
 .text.input    0x00014cf0        0xc contiki-srf06-cc26xx.a(nullsec.o)
 .text.send     0x00014cfc       0x20 contiki-srf06-cc26xx.a(nullsec.o)
 .text.sensor_common_read_reg
                0x00014d1c       0x1c contiki-srf06-cc26xx.a(sensor-common.o)
                0x00014d1c                sensor_common_read_reg
 .text.sensor_common_write_reg
                0x00014d38       0x38 contiki-srf06-cc26xx.a(sensor-common.o)
                0x00014d38                sensor_common_write_reg
 .text.sensor_common_set_error_data
                0x00014d70       0x10 contiki-srf06-cc26xx.a(sensor-common.o)
                0x00014d70                sensor_common_set_error_data
 .text.process_thread_rf_core_process
                0x00014d80       0x58 contiki-srf06-cc26xx.a(rf-core.o)
 .text.rf_core_is_accessible.part.0
                0x00014dd8       0x1c contiki-srf06-cc26xx.a(rf-core.o)
 .text.rf_core_is_accessible
                0x00014df4       0x14 contiki-srf06-cc26xx.a(rf-core.o)
                0x00014df4                rf_core_is_accessible
 .text.rf_core_send_cmd
                0x00014e08       0x94 contiki-srf06-cc26xx.a(rf-core.o)
                0x00014e08                rf_core_send_cmd
 .text.rf_core_wait_cmd_done
                0x00014e9c       0x30 contiki-srf06-cc26xx.a(rf-core.o)
                0x00014e9c                rf_core_wait_cmd_done
 .text.rf_core_power_up
                0x00014ecc       0xc8 contiki-srf06-cc26xx.a(rf-core.o)
                0x00014ecc                rf_core_power_up
 .text.rf_core_power_down
                0x00014f94       0xf0 contiki-srf06-cc26xx.a(rf-core.o)
                0x00014f94                rf_core_power_down
 .text.rf_core_set_modesel
                0x00015084       0x68 contiki-srf06-cc26xx.a(rf-core.o)
                0x00015084                rf_core_set_modesel
 .text.rf_core_boot
                0x000150ec       0x30 contiki-srf06-cc26xx.a(rf-core.o)
                0x000150ec                rf_core_boot
 .text.rf_core_setup_interrupts
                0x0001511c       0x74 contiki-srf06-cc26xx.a(rf-core.o)
                0x0001511c                rf_core_setup_interrupts
 .text.rf_core_cmd_done_en
                0x00015190       0x28 contiki-srf06-cc26xx.a(rf-core.o)
                0x00015190                rf_core_cmd_done_en
 .text.rf_core_cmd_done_dis
                0x000151b8       0x10 contiki-srf06-cc26xx.a(rf-core.o)
                0x000151b8                rf_core_cmd_done_dis
 .text.rf_core_get_last_radio_op
                0x000151c8        0xc contiki-srf06-cc26xx.a(rf-core.o)
                0x000151c8                rf_core_get_last_radio_op
 .text.rf_core_init_radio_op
                0x000151d4       0x20 contiki-srf06-cc26xx.a(rf-core.o)
                0x000151d4                rf_core_init_radio_op
 .text.rf_core_primary_mode_register
                0x000151f4        0xc contiki-srf06-cc26xx.a(rf-core.o)
                0x000151f4                rf_core_primary_mode_register
 .text.RFCCPE1IntHandler
                0x00015200       0x2c contiki-srf06-cc26xx.a(rf-core.o)
                0x00015200                RFCCPE1IntHandler
 .text.RFCCPE0IntHandler
                0x0001522c       0x54 contiki-srf06-cc26xx.a(rf-core.o)
                0x0001522c                RFCCPE0IntHandler
 .text.stimer_set
                0x00015280       0x10 contiki-srf06-cc26xx.a(stimer.o)
                0x00015280                stimer_set
 .text.stimer_expired
                0x00015290       0x20 contiki-srf06-cc26xx.a(stimer.o)
                0x00015290                stimer_expired
 .text.field_len
                0x000152b0       0x88 contiki-srf06-cc26xx.a(frame802154.o)
 .text.frame802154_hdrlen
                0x00015338       0x30 contiki-srf06-cc26xx.a(frame802154.o)
                0x00015338                frame802154_hdrlen
 .text.frame802154_create
                0x00015368       0xe8 contiki-srf06-cc26xx.a(frame802154.o)
                0x00015368                frame802154_create
 .text.frame802154_parse
                0x00015450      0x130 contiki-srf06-cc26xx.a(frame802154.o)
                0x00015450                frame802154_parse
 .text.mac_sequence_is_duplicate
                0x00015580       0x3c contiki-srf06-cc26xx.a(mac-sequence.o)
                0x00015580                mac_sequence_is_duplicate
 .text.mac_sequence_register_seqno
                0x000155bc       0x70 contiki-srf06-cc26xx.a(mac-sequence.o)
                0x000155bc                mac_sequence_register_seqno
 .text.exp2     0x0001562c       0x10 /usr/bin/../lib/gcc/arm-none-eabi/4.9.3/../../../../arm-none-eabi/lib/armv7-m/libm.a(lib_a-w_exp2.o)
                0x0001562c                exp2
 .text.pow      0x0001563c      0x2f0 /usr/bin/../lib/gcc/arm-none-eabi/4.9.3/../../../../arm-none-eabi/lib/armv7-m/libm.a(lib_a-w_pow.o)
                0x0001563c                pow
 .text.__ieee754_sqrt
                0x0001592c      0x18c /usr/bin/../lib/gcc/arm-none-eabi/4.9.3/../../../../arm-none-eabi/lib/armv7-m/libm.a(lib_a-e_sqrt.o)
                0x0001592c                __ieee754_sqrt
 .text.fabs     0x00015ab8        0x8 /usr/bin/../lib/gcc/arm-none-eabi/4.9.3/../../../../arm-none-eabi/lib/armv7-m/libm.a(lib_a-s_fabs.o)
                0x00015ab8                fabs
 .text.finite   0x00015ac0        0xc /usr/bin/../lib/gcc/arm-none-eabi/4.9.3/../../../../arm-none-eabi/lib/armv7-m/libm.a(lib_a-s_finite.o)
                0x00015ac0                finite
 .text.__fpclassifyd
                0x00015acc       0x58 /usr/bin/../lib/gcc/arm-none-eabi/4.9.3/../../../../arm-none-eabi/lib/armv7-m/libm.a(lib_a-s_fpclassify.o)
                0x00015acc                __fpclassifyd
 .text.matherr  0x00015b24        0x4 /usr/bin/../lib/gcc/arm-none-eabi/4.9.3/../../../../arm-none-eabi/lib/armv7-m/libm.a(lib_a-s_matherr.o)
                0x00015b24                matherr
 .text.nan      0x00015b28        0xc /usr/bin/../lib/gcc/arm-none-eabi/4.9.3/../../../../arm-none-eabi/lib/armv7-m/libm.a(lib_a-s_nan.o)
                0x00015b28                nan
 .text.rint     0x00015b34      0x11c /usr/bin/../lib/gcc/arm-none-eabi/4.9.3/../../../../arm-none-eabi/lib/armv7-m/libm.a(lib_a-s_rint.o)
                0x00015b34                rint
 .text.copysign
                0x00015c50       0x10 /usr/bin/../lib/gcc/arm-none-eabi/4.9.3/../../../../arm-none-eabi/lib/armv7-m/libm.a(lib_a-s_copysign.o)
                0x00015c50                copysign
 .text          0x00015c60      0x370 /usr/bin/../lib/gcc/arm-none-eabi/4.9.3/armv7-m/libgcc.a(_arm_addsubdf3.o)
                0x00015c60                __aeabi_drsub
                0x00015c68                __aeabi_dsub
                0x00015c68                __subdf3
                0x00015c6c                __adddf3
                0x00015c6c                __aeabi_dadd
                0x00015ee4                __aeabi_ui2d
                0x00015ee4                __floatunsidf
                0x00015f04                __floatsidf
                0x00015f04                __aeabi_i2d
                0x00015f28                __extendsfdf2
                0x00015f28                __aeabi_f2d
                0x00015f64                __aeabi_ul2d
                0x00015f64                __floatundidf
                0x00015f74                __floatdidf
                0x00015f74                __aeabi_l2d
 .text          0x00015fd0      0x424 /usr/bin/../lib/gcc/arm-none-eabi/4.9.3/armv7-m/libgcc.a(_arm_muldivdf3.o)
                0x00015fd0                __aeabi_dmul
                0x00015fd0                __muldf3
                0x00016224                __aeabi_ddiv
                0x00016224                __divdf3
 .text          0x000163f4      0x110 /usr/bin/../lib/gcc/arm-none-eabi/4.9.3/armv7-m/libgcc.a(_arm_cmpdf2.o)
                0x000163f4                __gtdf2
                0x000163f4                __gedf2
                0x000163fc                __ltdf2
                0x000163fc                __ledf2
                0x00016404                __cmpdf2
                0x00016404                __eqdf2
                0x00016404                __nedf2
                0x00016480                __aeabi_cdrcmple
                0x00016490                __aeabi_cdcmple
                0x00016490                __aeabi_cdcmpeq
                0x000164a0                __aeabi_dcmpeq
                0x000164b4                __aeabi_dcmplt
                0x000164c8                __aeabi_dcmple
                0x000164dc                __aeabi_dcmpge
                0x000164f0                __aeabi_dcmpgt
 .text          0x00016504       0xa0 /usr/bin/../lib/gcc/arm-none-eabi/4.9.3/armv7-m/libgcc.a(_arm_truncdfsf2.o)
                0x00016504                __aeabi_d2f
                0x00016504                __truncdfsf2
 .text          0x000165a4      0x21c /usr/bin/../lib/gcc/arm-none-eabi/4.9.3/armv7-m/libgcc.a(_arm_addsubsf3.o)
                0x000165a4                __aeabi_frsub
                0x000165ac                __subsf3
                0x000165ac                __aeabi_fsub
                0x000165b0                __aeabi_fadd
                0x000165b0                __addsf3
                0x00016710                __aeabi_ui2f
                0x00016710                __floatunsisf
                0x00016718                __aeabi_i2f
                0x00016718                __floatsisf
                0x00016734                __floatundisf
                0x00016734                __aeabi_ul2f
                0x00016744                __floatdisf
                0x00016744                __aeabi_l2f
 .text          0x000167c0      0x2a0 /usr/bin/../lib/gcc/arm-none-eabi/4.9.3/armv7-m/libgcc.a(_arm_muldivsf3.o)
                0x000167c0                __mulsf3
                0x000167c0                __aeabi_fmul
                0x00016928                __divsf3
                0x00016928                __aeabi_fdiv
 .text          0x00016a60       0x4c /usr/bin/../lib/gcc/arm-none-eabi/4.9.3/armv7-m/libgcc.a(_arm_fixsfsi.o)
                0x00016a60                __fixsfsi
                0x00016a60                __aeabi_f2iz
 .text          0x00016aac       0x30 /usr/bin/../lib/gcc/arm-none-eabi/4.9.3/armv7-m/libgcc.a(_aeabi_uldivmod.o)
                0x00016aac                __aeabi_uldivmod
 .text          0x00016adc       0x60 /usr/bin/../lib/gcc/arm-none-eabi/4.9.3/armv7-m/libgcc.a(bpabi.o)
                0x00016adc                __gnu_ldivmod_helper
                0x00016b0c                __gnu_uldivmod_helper
 .text          0x00016b3c        0x4 /usr/bin/../lib/gcc/arm-none-eabi/4.9.3/armv7-m/libgcc.a(_dvmd_tls.o)
                0x00016b3c                __aeabi_ldiv0
                0x00016b3c                __aeabi_idiv0
 .text          0x00016b40      0x2ac /usr/bin/../lib/gcc/arm-none-eabi/4.9.3/armv7-m/libgcc.a(_divdi3.o)
                0x00016b40                __divdi3
 .text          0x00016dec      0x270 /usr/bin/../lib/gcc/arm-none-eabi/4.9.3/armv7-m/libgcc.a(_udivdi3.o)
                0x00016dec                __udivdi3
 .text.atoi     0x0001705c        0x8 /usr/bin/../lib/gcc/arm-none-eabi/4.9.3/../../../../arm-none-eabi/lib/armv7-m/libc.a(lib_a-atoi.o)
                0x0001705c                atoi
 .text.__errno  0x00017064        0xc /usr/bin/../lib/gcc/arm-none-eabi/4.9.3/../../../../arm-none-eabi/lib/armv7-m/libc.a(lib_a-errno.o)
                0x00017064                __errno
 .text.memcmp   0x00017070       0x64 /usr/bin/../lib/gcc/arm-none-eabi/4.9.3/../../../../arm-none-eabi/lib/armv7-m/libc.a(lib_a-memcmp.o)
                0x00017070                memcmp
 .text          0x000170d4       0xec /usr/bin/../lib/gcc/arm-none-eabi/4.9.3/../../../../arm-none-eabi/lib/armv7-m/libc.a(lib_a-memcpy.o)
                0x000170d4                memcpy
 .text.memmove  0x000171c0       0xc8 /usr/bin/../lib/gcc/arm-none-eabi/4.9.3/../../../../arm-none-eabi/lib/armv7-m/libc.a(lib_a-memmove.o)
                0x000171c0                memmove
 .text.memset   0x00017288       0x9c /usr/bin/../lib/gcc/arm-none-eabi/4.9.3/../../../../arm-none-eabi/lib/armv7-m/libc.a(lib_a-memset.o)
                0x00017288                memset
 .text.srand    0x00017324       0x14 /usr/bin/../lib/gcc/arm-none-eabi/4.9.3/../../../../arm-none-eabi/lib/armv7-m/libc.a(lib_a-rand.o)
                0x00017324                srand
 .text.rand     0x00017338       0x40 /usr/bin/../lib/gcc/arm-none-eabi/4.9.3/../../../../arm-none-eabi/lib/armv7-m/libc.a(lib_a-rand.o)
                0x00017338                rand
 .text.strcat   0x00017378       0x40 /usr/bin/../lib/gcc/arm-none-eabi/4.9.3/../../../../arm-none-eabi/lib/armv7-m/libc.a(lib_a-strcat.o)
                0x00017378                strcat
 .text          0x000173b8      0x1bc /usr/bin/../lib/gcc/arm-none-eabi/4.9.3/../../../../arm-none-eabi/lib/armv7-m/libc.a(lib_a-strcmp.o)
                0x000173b8                strcmp
 .text.strcpy   0x00017574       0xbc /usr/bin/../lib/gcc/arm-none-eabi/4.9.3/../../../../arm-none-eabi/lib/armv7-m/libc.a(lib_a-strcpy.o)
                0x00017574                strcpy
 .text.strlen   0x00017630       0x5c /usr/bin/../lib/gcc/arm-none-eabi/4.9.3/../../../../arm-none-eabi/lib/armv7-m/libc.a(lib_a-strlen.o)
                0x00017630                strlen
 .text.strncasecmp
                0x0001768c       0x54 /usr/bin/../lib/gcc/arm-none-eabi/4.9.3/../../../../arm-none-eabi/lib/armv7-m/libc.a(lib_a-strncasecmp.o)
                0x0001768c                strncasecmp
 .text.strncmp  0x000176e0       0x94 /usr/bin/../lib/gcc/arm-none-eabi/4.9.3/../../../../arm-none-eabi/lib/armv7-m/libc.a(lib_a-strncmp.o)
                0x000176e0                strncmp
 .text.strncpy  0x00017774       0x68 /usr/bin/../lib/gcc/arm-none-eabi/4.9.3/../../../../arm-none-eabi/lib/armv7-m/libc.a(lib_a-strncpy.o)
                0x00017774                strncpy
 .text._strtol_r
                0x000177dc      0x11c /usr/bin/../lib/gcc/arm-none-eabi/4.9.3/../../../../arm-none-eabi/lib/armv7-m/libc.a(lib_a-strtol.o)
                0x000177dc                _strtol_r
 .text.strtol   0x000178f8       0x18 /usr/bin/../lib/gcc/arm-none-eabi/4.9.3/../../../../arm-none-eabi/lib/armv7-m/libc.a(lib_a-strtol.o)
                0x000178f8                strtol
 *(SORT(.rodata*))
 .rodata.dp_h   0x00017910       0x10 /usr/bin/../lib/gcc/arm-none-eabi/4.9.3/../../../../arm-none-eabi/lib/armv7-m/libm.a(lib_a-e_pow.o)
 .rodata.dp_l   0x00017920       0x10 /usr/bin/../lib/gcc/arm-none-eabi/4.9.3/../../../../arm-none-eabi/lib/armv7-m/libm.a(lib_a-e_pow.o)
 .rodata.bp     0x00017930       0x10 /usr/bin/../lib/gcc/arm-none-eabi/4.9.3/../../../../arm-none-eabi/lib/armv7-m/libm.a(lib_a-e_pow.o)
 .rodata.TWO52  0x00017940       0x10 /usr/bin/../lib/gcc/arm-none-eabi/4.9.3/../../../../arm-none-eabi/lib/armv7-m/libm.a(lib_a-s_rint.o)
 .rodata.autostart_processes
                0x00017950        0x8 cc26xx-web-demo.co
                0x00017950                autostart_processes
 .rodata.str1.4
                0x00017958      0x318 cc26xx-web-demo.co
                                0x324 (size before relaxing)
 .rodata.str1.4
                0x00017c70      0x146 obj_srf06-cc26xx/cetic-6lbr-client.o
                                0x14e (size before relaxing)
 *fill*         0x00017db6        0x2 00000000
 .rodata.str1.4
                0x00017db8       0x51 obj_srf06-cc26xx/net-uart.o
                                 0x55 (size before relaxing)
 *fill*         0x00017e09        0x3 00000000
 .rodata.str1.4
                0x00017e0c      0x6af obj_srf06-cc26xx/mqtt-client.o
                                0x6df (size before relaxing)
 *fill*         0x000184bb        0x1 00000000
 .rodata.http_body_start
                0x000184bc        0x7 obj_srf06-cc26xx/httpd-simple.o
 *fill*         0x000184c3        0x1 00000000
 .rodata.config_div_right
                0x000184c4       0x14 obj_srf06-cc26xx/httpd-simple.o
 .rodata.http_index_html
                0x000184d8        0xc obj_srf06-cc26xx/httpd-simple.o
 .rodata.http_post
                0x000184e4        0x6 obj_srf06-cc26xx/httpd-simple.o
 *fill*         0x000184ea        0x2 00000000
 .rodata.config_div_left
                0x000184ec       0x13 obj_srf06-cc26xx/httpd-simple.o
 *fill*         0x000184ff        0x1 00000000
 .rodata.http_head_charset
                0x00018500       0x17 obj_srf06-cc26xx/httpd-simple.o
 *fill*         0x00018517        0x1 00000000
 .rodata.http_header_400
                0x00018518       0x1b obj_srf06-cc26xx/httpd-simple.o
 *fill*         0x00018533        0x1 00000000
 .rodata.http_header_404
                0x00018534       0x19 obj_srf06-cc26xx/httpd-simple.o